C51 COMPILER V9.60.0.0   FLASH                                                             09/20/2025 15:17:34 PAGE 1   


C51 COMPILER V9.60.0.0, COMPILATION OF MODULE FLASH
OBJECT MODULE PLACED IN .\Objects\flash.obj
COMPILER INVOKED BY: C:\Keil_v5\C51\BIN\C51.EXE Source\flash.c LARGE OPTIMIZE(8,SPEED) BROWSE DEBUG OBJECTEXTEND PRINT(.
                    -\Listings\flash.lst) TABS(2) OBJECT(.\Objects\flash.obj)

line level    source

   1          #include  "./User/includes.h"
   2          #include "intrins.h"
   3          
   4          
   5          #define CMD_IDLE    0               //空闲模式
   6          #define CMD_READ    1               //IAP字节读命令
   7          #define CMD_PROGRAM 2               //IAP字节编程命令
   8          #define CMD_ERASE   3               //IAP扇区擦除命令
   9          //#define ENABLE_IAP 0x80           //if SYSCLK<30MHz
  10          //#define ENABLE_IAP 0x81           //if SYSCLK<24MHz
  11          #define ENABLE_IAP  0x82            //if SYSCLK<20MHz
  12          //#define ENABLE_IAP 0x83           //if SYSCLK<12MHz
  13          //#define ENABLE_IAP 0x84           //if SYSCLK<6MHz
  14          //#define ENABLE_IAP 0x85           //if SYSCLK<3MHz
  15          //#define ENABLE_IAP 0x86           //if SYSCLK<2MHz
  16          //#define ENABLE_IAP 0x87           //if SYSCLK<1MHz
  17          
  18          
  19          static void IapIdle(void)
  20          {
  21   1          IAP_CONTR = 0;                  //关闭IAP功能
  22   1          IAP_CMD = 0;                    //清除命令寄存器
  23   1          IAP_TRIG = 0;                   //清除触发寄存器
  24   1          IAP_ADDRH = 0x80;               //将地址设置到非IAP区域
  25   1          IAP_ADDRL = 0;
  26   1      }
  27          
  28          /*----------------------------
  29          从ISP/IAP/EEPROM区域读取一字节
  30          ----------------------------*/
  31          u8 IapReadByte(u16 addr)
  32          {
  33   1          unsigned char dat;              //数据缓冲区
  34   1      
  35   1          IAP_CONTR = ENABLE_IAP;         //使能IAP
  36   1          IAP_CMD = CMD_READ;             //设置IAP命令
  37   1          IAP_ADDRL = addr;               //设置IAP低地址
  38   1          IAP_ADDRH = addr >> 8;          //设置IAP高地址
  39   1          IAP_TRIG = 0x5a;                //写触发命令(0x5a)
  40   1          IAP_TRIG = 0xa5;                //写触发命令(0xa5)
  41   1          _nop_();                        //等待ISP/IAP/EEPROM操作完成
  42   1          dat = IAP_DATA;                 //读ISP/IAP/EEPROM数据
  43   1          IapIdle();                      //关闭IAP功能
  44   1          return dat;                     //返回
  45   1      }
  46          
  47          /*----------------------------
  48          写一字节数据到ISP/IAP/EEPROM区域
  49          ----------------------------*/
  50          void IapWriteByte(u16 addr, u8 dat)
  51          {
  52   1          IAP_CONTR = ENABLE_IAP;         //使能IAP
  53   1          IAP_CMD = CMD_PROGRAM;          //设置IAP命令
  54   1          IAP_ADDRL = addr;               //设置IAP低地址
C51 COMPILER V9.60.0.0   FLASH                                                             09/20/2025 15:17:34 PAGE 2   

  55   1          IAP_ADDRH = addr >> 8;          //设置IAP高地址
  56   1          IAP_DATA = dat;                 //写ISP/IAP/EEPROM数据
  57   1          IAP_TRIG = 0x5a;                //写触发命令(0x5a)
  58   1          IAP_TRIG = 0xa5;                //写触发命令(0xa5)
  59   1          _nop_();                        //等待ISP/IAP/EEPROM操作完成
  60   1          IapIdle();
  61   1      }
  62          
  63          /*----------------------------
  64          扇区擦除
  65          ----------------------------*/
  66          void IapEraseSector(u16 addr)
  67          {
  68   1          IAP_CONTR = ENABLE_IAP;         //使能IAP
  69   1          IAP_CMD = CMD_ERASE;            //设置IAP命令
  70   1          IAP_ADDRL = addr;               //设置IAP低地址
  71   1          IAP_ADDRH = addr >> 8;          //设置IAP高地址
  72   1          IAP_TRIG = 0x5a;                //写触发命令(0x5a)
  73   1          IAP_TRIG = 0xa5;                //写触发命令(0xa5)
  74   1          _nop_();                        //等待ISP/IAP/EEPROM操作完成
  75   1          IapIdle();
  76   1      }
  77          


MODULE INFORMATION:   STATIC OVERLAYABLE
   CODE SIZE        =     82    ----
   CONSTANT SIZE    =   ----    ----
   XDATA SIZE       =   ----    ----
   PDATA SIZE       =   ----    ----
   DATA SIZE        =   ----    ----
   IDATA SIZE       =   ----    ----
   BIT SIZE         =   ----    ----
END OF MODULE INFORMATION.


C51 COMPILATION COMPLETE.  0 WARNING(S),  0 ERROR(S)
