BL51 BANKED LINKER/LOCATER V6.22.2.0                                                    09/20/2025  15:17:53  PAGE 1


BL51 BANKED LINKER/LOCATER V6.22.2.0, INVOKED BY:
C:\KEIL_V5\C51\BIN\BL51.EXE .\Objects\gpio.obj, .\Objects\flash.obj, .\Objects\usart.obj, .\Objects\timer.obj, .\Objects
>> \bsp.obj, .\Objects\bsp_gpio.obj, .\Objects\bsp_usart.obj, .\Objects\bsp_flash.obj, .\Objects\bsp_mcu_id.obj, .\Objec
>> ts\bsp_delay.obj, .\Objects\Signal.obj, .\Objects\Serial.obj, .\Objects\check.obj, .\Objects\gps.obj, .\Objects\main.
>> obj TO .\Objects\STC PRINT (.\Listings\STC.m51) RAMSIZE (256)


MEMORY MODEL: LARGE


INPUT MODULES INCLUDED:
  .\Objects\gpio.obj (GPIO)
  .\Objects\flash.obj (FLASH)
  .\Objects\usart.obj (USART)
  .\Objects\timer.obj (TIMER)
  .\Objects\bsp.obj (BSP)
  .\Objects\bsp_gpio.obj (BSP_GPIO)
  .\Objects\bsp_usart.obj (BSP_USART)
  .\Objects\bsp_flash.obj (BSP_FLASH)
  .\Objects\bsp_mcu_id.obj (BSP_MCU_ID)
  .\Objects\bsp_delay.obj (BSP_DELAY)
  .\Objects\Signal.obj (SIGNAL)
  .\Objects\Serial.obj (SERIAL)
  .\Objects\check.obj (CHECK)
  .\Objects\gps.obj (GPS)
  .\Objects\main.obj (MAIN)
  C:\KEIL_V5\C51\LIB\C51L.LIB (?C_STARTUP)
  C:\KEIL_V5\C51\LIB\C51L.LIB (?C?COPY)
  C:\KEIL_V5\C51\LIB\C51L.LIB (?C?CLDPTR)
  C:\KEIL_V5\C51\LIB\C51L.LIB (?C?CLDOPTR)
  C:\KEIL_V5\C51\LIB\C51L.LIB (?C?CILDPTR)
  C:\KEIL_V5\C51\LIB\C51L.LIB (?C?CILDOPTR)
  C:\KEIL_V5\C51\LIB\C51L.LIB (?C?CSTPTR)
  C:\KEIL_V5\C51\LIB\C51L.LIB (?C?CSTOPTR)
  C:\KEIL_V5\C51\LIB\C51L.LIB (?C?IMUL)
  C:\KEIL_V5\C51\LIB\C51L.LIB (?C?IILDX)
  C:\KEIL_V5\C51\LIB\C51L.LIB (?C?ILDIX)
  C:\KEIL_V5\C51\LIB\C51L.LIB (?C?ULDIV)
  C:\KEIL_V5\C51\LIB\C51L.LIB (?C?SLCMP)
  C:\KEIL_V5\C51\LIB\C51L.LIB (?C?ULCMP)
  C:\KEIL_V5\C51\LIB\C51L.LIB (?C?LLDCODE)
  C:\KEIL_V5\C51\LIB\C51L.LIB (?C?LLDOPTR0)
  C:\KEIL_V5\C51\LIB\C51L.LIB (?C?LSTXDATA)
  C:\KEIL_V5\C51\LIB\C51L.LIB (?C?LSTKXDATA)
  C:\KEIL_V5\C51\LIB\C51L.LIB (PRINTF)
  C:\KEIL_V5\C51\LIB\C51L.LIB (STRCAT)
  C:\KEIL_V5\C51\LIB\C51L.LIB (STRLEN)
  C:\KEIL_V5\C51\LIB\C51L.LIB (?C?MEMSET)
  C:\KEIL_V5\C51\LIB\C51L.LIB (?C_INIT)
  C:\KEIL_V5\C51\LIB\C51L.LIB (?C?LLDIDATA0)
  C:\KEIL_V5\C51\LIB\C51L.LIB (?C?LLDXDATA0)
  C:\KEIL_V5\C51\LIB\C51L.LIB (?C?LLDPDATA0)
  C:\KEIL_V5\C51\LIB\C51L.LIB (?C?LLDCODE0)
  C:\KEIL_V5\C51\LIB\C51L.LIB (?C?PLDIXDATA)
  C:\KEIL_V5\C51\LIB\C51L.LIB (?C?PSTXDATA)
  C:\KEIL_V5\C51\LIB\C51L.LIB (?C?CCASE)


BL51 BANKED LINKER/LOCATER V6.22.2.0                                                  09/20/2025  15:17:53  PAGE 2


LINK MAP OF MODULE:  .\Objects\STC (GPIO)


            TYPE    BASE      LENGTH    RELOCATION   SEGMENT NAME
            -----------------------------------------------------

            * * * * * * *   D A T A   M E M O R Y   * * * * * * *
            REG     0000H     0008H     ABSOLUTE     "REG BANK 0"
            DATA    0008H     0006H     UNIT         _DATA_GROUP_
                    000EH     0012H                  *** GAP ***
            BIT     0020H.0   0001H.1   UNIT         _BIT_GROUP_
                    0021H.1   0000H.7                *** GAP ***
            IDATA   0022H     0001H     UNIT         ?STACK

            * * * * * * *  X D A T A   M E M O R Y  * * * * * * *
            XDATA   0000H     013CH     UNIT         ?XD?BSP_FLASH
            XDATA   013CH     005DH     UNIT         ?XD?SERIAL
            XDATA   0199H     005AH     UNIT         ?XD?USART
            XDATA   01F3H     0054H     UNIT         ?XD?BSP_USART
            XDATA   0247H     003EH     UNIT         _XDATA_GROUP_
            XDATA   0285H     0011H     UNIT         ?XD?SIGNAL
            XDATA   0296H     0007H     UNIT         ?XD?CHECK

            * * * * * * *   C O D E   M E M O R Y   * * * * * * *
            CODE    0000H     0003H     ABSOLUTE     
            CODE    0003H     001EH     UNIT         ?PR?_WAITFORTISIGNAL?BSP_USART
            CODE    0021H     0001H     UNIT         ?PR?CMD_STOP_CALLBACK?BSP
                    0022H     0001H                  *** GAP ***
            CODE    0023H     0003H     ABSOLUTE     
            CODE    0026H     001CH     UNIT         ?CO?BSP
                    0042H     0001H                  *** GAP ***
            CODE    0043H     0003H     ABSOLUTE     
            CODE    0046H     17F5H     UNIT         ?PR?_BSP_FLASHWRITEBYTE?BSP_FLASH
            CODE    183BH     13B7H     UNIT         ?PR?BSP_GETFLASHCONFIG?BSP_FLASH
            CODE    2BF2H     09C7H     UNIT         ?PR?_GETBASEBOARDDATAPACK?SIGNAL
            CODE    35B9H     04F0H     UNIT         ?PR?DANGWEI?SIGNAL
            CODE    3AA9H     041DH     UNIT         ?C?LIB_CODE
            CODE    3EC6H     0365H     UNIT         ?PR?PRINTF?PRINTF
            CODE    422BH     030DH     UNIT         ?PR?_SERIAL_CMD_ANALY?SERIAL
            CODE    4538H     027BH     UNIT         ?PR?_BSP_GETUSARTRXBUFFER?BSP_USART
            CODE    47B3H     0259H     UNIT         ?PR?GETFLASHCONFIG?SIGNAL
            CODE    4A0CH     0250H     UNIT         ?PR?_USART_CONFIGURATION?USART
            CODE    4C5CH     01E1H     UNIT         ?PR?_GPIO_INILIZE?GPIO
            CODE    4E3DH     01D4H     UNIT         ?PR?XIHUO?SIGNAL
            CODE    5011H     0191H     UNIT         ?PR?_BSP_READMULTIPLEDATABIT?BSP_GPIO
            CODE    51A2H     0190H     UNIT         ?PR?_USART_READRXBUFFER?USART
            CODE    5332H     018AH     UNIT         ?C_INITSEG
            CODE    54BCH     0179H     UNIT         ?PR?LICHENGCOUNT?SIGNAL
            CODE    5635H     0160H     UNIT         ?PR?_BSP_USART_INIT?BSP_USART
            CODE    5795H     0118H     UNIT         ?PR?_BYTEARRAYCOMPAR?CHECK
            CODE    58ADH     010FH     UNIT         ?PR?_BSP_GETGPIOSTATUS?BSP_GPIO
            CODE    59BCH     0101H     UNIT         ?PR?INT_8?USART
            CODE    5ABDH     00F9H     UNIT         ?PR?ZHUANSUCOUNT?SIGNAL
            CODE    5BB6H     00F8H     UNIT         ?PR?INT_4?USART
            CODE    5CAEH     00DCH     UNIT         ?PR?_USART_CLEARMSGQUEUERXBUFFER?USART
            CODE    5D8AH     00CAH     UNIT         ?PR?SHIJING?SIGNAL
            CODE    5E54H     00B4H     UNIT         ?PR?BSP_INIT?BSP
BL51 BANKED LINKER/LOCATER V6.22.2.0                                                  09/20/2025  15:17:53  PAGE 3


            CODE    5F08H     009FH     UNIT         ?PR?_BSP_CLEARUSARTRXBUFFER?BSP_USART
            CODE    5FA7H     009EH     UNIT         ?PR?_BSP_READINPUTDATABIT?BSP_GPIO
            CODE    6045H     009CH     UNIT         ?PR?QIDONG?SIGNAL
            CODE    60E1H     008DH     UNIT         ?PR?CHECK_SERIAL_ID?CHECK
            CODE    616EH     008CH     UNIT         ?C_C51STARTUP
            CODE    61FAH     006EH     UNIT         ?PR?CMD_START_CALLBACK?BSP
            CODE    6268H     006BH     UNIT         ?PR?_CHECKSUM?CHECK
            CODE    62D3H     006BH     UNIT         ?PR?_STRCAT?STRCAT
            CODE    633EH     0065H     UNIT         ?CO?BSP_USART
            CODE    63A3H     0063H     UNIT         ?CO?SERIAL
            CODE    6406H     005CH     UNIT         ?PR?_SERIALHANDLE?SERIAL
            CODE    6462H     005BH     UNIT         ?PR?_USART_SENDBUFFER?BSP_USART
            CODE    64BDH     0056H     UNIT         ?PR?_SERIALDATAUPLOAD?SERIAL
            CODE    6513H     0041H     UNIT         ?PR?BSP_GPIO_INIT?BSP_GPIO
            CODE    6554H     0040H     UNIT         ?PR?_USART_SENDDATA?BSP_USART
            CODE    6594H     003CH     UNIT         ?PR?ZUOZHUANXIANGDENG?SIGNAL
            CODE    65D0H     003CH     UNIT         ?PR?YOUZHUANXIANGDENG?SIGNAL
            CODE    660CH     003BH     UNIT         ?PR?MAIN?MAIN
            CODE    6647H     0038H     UNIT         ?PR?_BSP_GETLOCALID?BSP_MCU_ID
            CODE    667FH     002EH     UNIT         ?PR?BSP_LICHENGCOUNT_INIT?BSP_GPIO
            CODE    66ADH     0021H     UNIT         ?PR?RAOCHE1?SIGNAL
            CODE    66CEH     0021H     UNIT         ?PR?RAOCHE2?SIGNAL
            CODE    66EFH     0021H     UNIT         ?PR?RAOCHE3?SIGNAL
            CODE    6710H     001EH     UNIT         ?PR?CHEMEN?SIGNAL
            CODE    672EH     0019H     UNIT         ?PR?_IAPWRITEBYTE?FLASH
            CODE    6747H     0018H     UNIT         ?CO?CHECK
            CODE    675FH     0017H     UNIT         ?PR?_IAPREADBYTE?FLASH
            CODE    6776H     0016H     UNIT         ?PR?DBQ_LEFTFRONT?SIGNAL
            CODE    678CH     0016H     UNIT         ?PR?DBQ_LEFTREAR?SIGNAL
            CODE    67A2H     0016H     UNIT         ?PR?DBQ_RIGHTFRONT?SIGNAL
            CODE    67B8H     0016H     UNIT         ?PR?DBQ_RIGHTREAR?SIGNAL
            CODE    67CEH     0016H     UNIT         ?PR?DBQ_LEFTMIDDLE?SIGNAL
            CODE    67E4H     0016H     UNIT         ?PR?DBQ_RIGHTMIDDLE?SIGNAL
            CODE    67FAH     0015H     UNIT         ?PR?_IAPERASESECTOR?FLASH
            CODE    680FH     0015H     UNIT         ?PR?_STRLEN?STRLEN
            CODE    6824H     0014H     UNIT         ?PR?_DELAY_MS?BSP_DELAY
            CODE    6838H     0013H     UNIT         ?PR?SHOUSHA?SIGNAL
            CODE    684BH     0013H     UNIT         ?PR?ANQUANDAI?SIGNAL
            CODE    685EH     0013H     UNIT         ?PR?DAOCHEDENG?SIGNAL
            CODE    6871H     0013H     UNIT         ?PR?LABA?SIGNAL
            CODE    6884H     0013H     UNIT         ?PR?WUDENG?SIGNAL
            CODE    6897H     0013H     UNIT         ?PR?YUANGUANG?SIGNAL
            CODE    68AAH     0013H     UNIT         ?PR?JINGUANG?SIGNAL
            CODE    68BDH     0013H     UNIT         ?PR?XIAODENG?SIGNAL
            CODE    68D0H     0013H     UNIT         ?PR?JIAOSHA?SIGNAL
            CODE    68E3H     0013H     UNIT         ?PR?YUSHUA?SIGNAL
            CODE    68F6H     0013H     UNIT         ?PR?ZUOHOUSHI?SIGNAL
            CODE    6909H     0013H     UNIT         ?PR?NEIHOUSHI?SIGNAL
            CODE    691CH     0013H     UNIT         ?PR?ZUOYITIAOJIE?SIGNAL
            CODE    692FH     0013H     UNIT         ?PR?ZUOYIYALI?SIGNAL
            CODE    6942H     0013H     UNIT         ?PR?LIHE?SIGNAL
            CODE    6955H     0013H     UNIT         ?PR?YAOSHIMEN?SIGNAL
            CODE    6968H     0013H     UNIT         ?PR?FUSHACHE?SIGNAL
            CODE    697BH     0013H     UNIT         ?PR?CHUANGDONG?SIGNAL
            CODE    698EH     0013H     UNIT         ?PR?GUANCHAYIBIAO?SIGNAL
            CODE    69A1H     0013H     UNIT         ?PR?BEGIN?SIGNAL
            CODE    69B4H     0011H     UNIT         ?PR?_PUTCHAR?BSP_USART
BL51 BANKED LINKER/LOCATER V6.22.2.0                                                  09/20/2025  15:17:53  PAGE 4


            CODE    69C5H     000FH     UNIT         ?PR?_USART_CLOSEINTERRUPT?USART
            CODE    69D4H     000FH     UNIT         ?PR?_USART_OPENINTERRUPT?USART
            CODE    69E3H     000DH     UNIT         ?PR?IAPIDLE?FLASH
            CODE    69F0H     000CH     UNIT         ?PR?KONGDANG?SIGNAL
            CODE    69FCH     000BH     UNIT         ?PR?BSP_ZHUANSUCOUNT_INIT?BSP_GPIO
            CODE    6A07H     000AH     UNIT         ?PR?DELAY1MS?BSP_DELAY
            CODE    6A11H     0008H     UNIT         ?PR?DELAY50US?BSP_DELAY



OVERLAY MAP OF MODULE:   .\Objects\STC (GPIO)


SEGMENT                                           BIT_GROUP          DATA_GROUP          XDATA_GROUP
  +--> CALLED SEGMENT                          START    LENGTH     START    LENGTH     START    LENGTH
------------------------------------------------------------------------------------------------------
?C_C51STARTUP                                  -----    -----      -----    -----      -----    -----
  +--> ?PR?MAIN?MAIN
  +--> ?C_INITSEG

?PR?MAIN?MAIN                                  -----    -----      -----    -----      -----    -----
  +--> ?PR?GETFLASHCONFIG?SIGNAL
  +--> ?PR?BSP_INIT?BSP
  +--> ?PR?CHECK_SERIAL_ID?CHECK
  +--> ?PR?_SERIALHANDLE?SERIAL
  +--> ?PR?_SERIALDATAUPLOAD?SERIAL
  +--> ?PR?_DELAY_MS?BSP_DELAY

?PR?GETFLASHCONFIG?SIGNAL                      -----    -----      -----    -----      -----    -----
  +--> ?PR?BSP_GETFLASHCONFIG?BSP_FLASH

?PR?BSP_GETFLASHCONFIG?BSP_FLASH               -----    -----      -----    -----      -----    -----
  +--> ?PR?_IAPREADBYTE?FLASH

?PR?_IAPREADBYTE?FLASH                         -----    -----      -----    -----      -----    -----
  +--> ?PR?IAPIDLE?FLASH

?PR?BSP_INIT?BSP                               -----    -----      -----    -----      -----    -----
  +--> ?PR?BSP_GPIO_INIT?BSP_GPIO
  +--> ?PR?BSP_ZHUANSUCOUNT_INIT?BSP_GPIO
  +--> ?PR?BSP_LICHENGCOUNT_INIT?BSP_GPIO
  +--> ?PR?_BSP_USART_INIT?BSP_USART
  +--> ?CO?BSP
  +--> ?PR?_USART_CLEARMSGQUEUERXBUFFER?USART
  +--> ?PR?_USART_OPENINTERRUPT?USART
  +--> ?PR?CMD_START_CALLBACK?BSP

?PR?BSP_GPIO_INIT?BSP_GPIO                     -----    -----      -----    -----      0247H    0002H
  +--> ?PR?_GPIO_INILIZE?GPIO

?PR?_BSP_USART_INIT?BSP_USART                  -----    -----      -----    -----      0256H    000FH
  +--> ?PR?_USART_CONFIGURATION?USART

?PR?_USART_CONFIGURATION?USART                 -----    -----      -----    -----      0265H    0005H

?PR?_USART_CLEARMSGQUEUERXBUFFER?USART         -----    -----      -----    -----      0256H    0001H
  +--> ?PR?_USART_CLOSEINTERRUPT?USART
BL51 BANKED LINKER/LOCATER V6.22.2.0                                                  09/20/2025  15:17:53  PAGE 5


  +--> ?PR?_USART_OPENINTERRUPT?USART

?PR?CMD_START_CALLBACK?BSP                     -----    -----      -----    -----      -----    -----
  +--> ?PR?GETFLASHCONFIG?SIGNAL
  +--> ?CO?BSP
  +--> ?PR?_BSP_USART_INIT?BSP_USART
  +--> ?PR?_USART_CLEARMSGQUEUERXBUFFER?USART
  +--> ?PR?_USART_OPENINTERRUPT?USART

?PR?CHECK_SERIAL_ID?CHECK                      -----    -----      -----    -----      0247H    0013H
  +--> ?CO?CHECK
  +--> ?PR?_BSP_GETLOCALID?BSP_MCU_ID
  +--> ?PR?PRINTF?PRINTF
  +--> ?PR?_STRCAT?STRCAT

?PR?_BSP_GETLOCALID?BSP_MCU_ID                 -----    -----      -----    -----      025AH    0003H

?PR?PRINTF?PRINTF                              0020H.0  0001H.1    0008H    0005H      025AH    0028H
  +--> ?PR?_PUTCHAR?BSP_USART

?PR?_PUTCHAR?BSP_USART                         -----    -----      -----    -----      0282H    0001H
  +--> ?PR?_USART_SENDDATA?BSP_USART

?PR?_USART_SENDDATA?BSP_USART                  -----    -----      -----    -----      0283H    0002H
  +--> ?PR?DELAY50US?BSP_DELAY
  +--> ?PR?_WAITFORTISIGNAL?BSP_USART

?PR?DELAY50US?BSP_DELAY                        -----    -----      000DH    0001H      -----    -----

?PR?_STRCAT?STRCAT                             -----    -----      -----    -----      025AH    0009H

?PR?_SERIALHANDLE?SERIAL                       -----    -----      -----    -----      0247H    0001H
  +--> ?PR?_BSP_GETUSARTRXBUFFER?BSP_USART
  +--> ?PR?_SERIAL_CMD_ANALY?SERIAL
  +--> ?PR?_BSP_CLEARUSARTRXBUFFER?BSP_USART

?PR?_BSP_GETUSARTRXBUFFER?BSP_USART            -----    -----      -----    -----      0248H    000AH
  +--> ?PR?_USART_READRXBUFFER?USART
  +--> ?PR?_BSP_CLEARUSARTRXBUFFER?BSP_USART
  +--> ?CO?BSP_USART
  +--> ?PR?PRINTF?PRINTF

?PR?_USART_READRXBUFFER?USART                  -----    -----      -----    -----      0252H    000FH

?PR?_BSP_CLEARUSARTRXBUFFER?BSP_USART          -----    -----      -----    -----      0252H    0001H

?PR?_SERIAL_CMD_ANALY?SERIAL                   -----    -----      -----    -----      0248H    000EH
  +--> ?CO?SERIAL
  +--> ?PR?_STRLEN?STRLEN
  +--> ?PR?_BYTEARRAYCOMPAR?CHECK
  +--> ?PR?PRINTF?PRINTF
  +--> ?PR?CMD_START_CALLBACK?BSP
  +--> ?PR?CMD_STOP_CALLBACK?BSP
  +--> ?PR?_BSP_FLASHWRITEBYTE?BSP_FLASH
  +--> ?PR?_USART_SENDBUFFER?BSP_USART
  +--> ?PR?_IAPREADBYTE?FLASH
  +--> ?PR?_USART_SENDDATA?BSP_USART
BL51 BANKED LINKER/LOCATER V6.22.2.0                                                  09/20/2025  15:17:53  PAGE 6



?PR?_BYTEARRAYCOMPAR?CHECK                     -----    -----      -----    -----      0256H    0015H

?PR?_BSP_FLASHWRITEBYTE?BSP_FLASH              -----    -----      -----    -----      0256H    0003H
  +--> ?PR?BSP_GETFLASHCONFIG?BSP_FLASH
  +--> ?PR?_IAPERASESECTOR?FLASH
  +--> ?PR?_IAPWRITEBYTE?FLASH

?PR?_IAPERASESECTOR?FLASH                      -----    -----      -----    -----      -----    -----
  +--> ?PR?IAPIDLE?FLASH

?PR?_IAPWRITEBYTE?FLASH                        -----    -----      -----    -----      -----    -----
  +--> ?PR?IAPIDLE?FLASH

?PR?_USART_SENDBUFFER?BSP_USART                -----    -----      -----    -----      0256H    0008H
  +--> ?PR?_USART_SENDDATA?BSP_USART

?PR?_SERIALDATAUPLOAD?SERIAL                   -----    -----      -----    -----      0247H    0001H
  +--> ?PR?_GETBASEBOARDDATAPACK?SIGNAL
  +--> ?CO?SERIAL
  +--> ?PR?_USART_SENDBUFFER?BSP_USART

?PR?_GETBASEBOARDDATAPACK?SIGNAL               -----    -----      -----    -----      0248H    0005H
  +--> ?PR?ZHUANSUCOUNT?SIGNAL
  +--> ?PR?LICHENGCOUNT?SIGNAL
  +--> ?PR?JIAOSHA?SIGNAL
  +--> ?PR?LIHE?SIGNAL
  +--> ?PR?JINGUANG?SIGNAL
  +--> ?PR?YUANGUANG?SIGNAL
  +--> ?PR?YOUZHUANXIANGDENG?SIGNAL
  +--> ?PR?ZUOZHUANXIANGDENG?SIGNAL
  +--> ?PR?SHOUSHA?SIGNAL
  +--> ?PR?ZUOYITIAOJIE?SIGNAL
  +--> ?PR?LABA?SIGNAL
  +--> ?PR?DAOCHEDENG?SIGNAL
  +--> ?PR?XIAODENG?SIGNAL
  +--> ?PR?SHIJING?SIGNAL
  +--> ?PR?ANQUANDAI?SIGNAL
  +--> ?PR?QIDONG?SIGNAL
  +--> ?PR?XIHUO?SIGNAL
  +--> ?PR?CHEMEN?SIGNAL
  +--> ?PR?DANGWEI?SIGNAL
  +--> ?PR?KONGDANG?SIGNAL
  +--> ?PR?ZUOYIYALI?SIGNAL
  +--> ?PR?YUSHUA?SIGNAL
  +--> ?PR?WUDENG?SIGNAL
  +--> ?PR?NEIHOUSHI?SIGNAL
  +--> ?PR?ZUOHOUSHI?SIGNAL
  +--> ?PR?FUSHACHE?SIGNAL
  +--> ?PR?BEGIN?SIGNAL
  +--> ?PR?RAOCHE1?SIGNAL
  +--> ?PR?RAOCHE2?SIGNAL
  +--> ?PR?RAOCHE3?SIGNAL
  +--> ?PR?YAOSHIMEN?SIGNAL
  +--> ?PR?CHUANGDONG?SIGNAL
  +--> ?PR?DBQ_LEFTFRONT?SIGNAL
  +--> ?PR?DBQ_LEFTREAR?SIGNAL
BL51 BANKED LINKER/LOCATER V6.22.2.0                                                  09/20/2025  15:17:53  PAGE 7


  +--> ?PR?DBQ_RIGHTFRONT?SIGNAL
  +--> ?PR?DBQ_RIGHTREAR?SIGNAL
  +--> ?PR?DBQ_LEFTMIDDLE?SIGNAL
  +--> ?PR?DBQ_RIGHTMIDDLE?SIGNAL
  +--> ?PR?GUANCHAYIBIAO?SIGNAL
  +--> ?PR?_CHECKSUM?CHECK

?PR?ZHUANSUCOUNT?SIGNAL                        -----    -----      -----    -----      -----    -----
  +--> ?PR?XIHUO?SIGNAL

?PR?XIHUO?SIGNAL                               -----    -----      -----    -----      024DH    0002H
  +--> ?PR?_BSP_READINPUTDATABIT?BSP_GPIO

?PR?_BSP_READINPUTDATABIT?BSP_GPIO             -----    -----      -----    -----      -----    -----
  +--> ?PR?_BSP_GETGPIOSTATUS?BSP_GPIO

?PR?LICHENGCOUNT?SIGNAL                        -----    -----      -----    -----      024DH    0004H

?PR?JIAOSHA?SIGNAL                             -----    -----      -----    -----      -----    -----
  +--> ?PR?_BSP_READINPUTDATABIT?BSP_GPIO

?PR?LIHE?SIGNAL                                -----    -----      -----    -----      -----    -----
  +--> ?PR?_BSP_READINPUTDATABIT?BSP_GPIO

?PR?JINGUANG?SIGNAL                            -----    -----      -----    -----      -----    -----
  +--> ?PR?_BSP_READINPUTDATABIT?BSP_GPIO

?PR?YUANGUANG?SIGNAL                           -----    -----      -----    -----      -----    -----
  +--> ?PR?_BSP_READINPUTDATABIT?BSP_GPIO

?PR?YOUZHUANXIANGDENG?SIGNAL                   -----    -----      -----    -----      024DH    0001H
  +--> ?PR?_BSP_READINPUTDATABIT?BSP_GPIO

?PR?ZUOZHUANXIANGDENG?SIGNAL                   -----    -----      -----    -----      024DH    0001H
  +--> ?PR?_BSP_READINPUTDATABIT?BSP_GPIO

?PR?SHOUSHA?SIGNAL                             -----    -----      -----    -----      -----    -----
  +--> ?PR?_BSP_READINPUTDATABIT?BSP_GPIO

?PR?ZUOYITIAOJIE?SIGNAL                        -----    -----      -----    -----      -----    -----
  +--> ?PR?_BSP_READINPUTDATABIT?BSP_GPIO

?PR?LABA?SIGNAL                                -----    -----      -----    -----      -----    -----
  +--> ?PR?_BSP_READINPUTDATABIT?BSP_GPIO

?PR?DAOCHEDENG?SIGNAL                          -----    -----      -----    -----      -----    -----
  +--> ?PR?_BSP_READINPUTDATABIT?BSP_GPIO

?PR?XIAODENG?SIGNAL                            -----    -----      -----    -----      -----    -----
  +--> ?PR?_BSP_READINPUTDATABIT?BSP_GPIO

?PR?SHIJING?SIGNAL                             -----    -----      -----    -----      024DH    0004H
  +--> ?PR?_BSP_READINPUTDATABIT?BSP_GPIO
  +--> ?PR?_BSP_GETGPIOSTATUS?BSP_GPIO

?PR?ANQUANDAI?SIGNAL                           -----    -----      -----    -----      -----    -----
  +--> ?PR?_BSP_READINPUTDATABIT?BSP_GPIO
BL51 BANKED LINKER/LOCATER V6.22.2.0                                                  09/20/2025  15:17:53  PAGE 8



?PR?QIDONG?SIGNAL                              -----    -----      -----    -----      024DH    0002H
  +--> ?PR?_BSP_READINPUTDATABIT?BSP_GPIO

?PR?CHEMEN?SIGNAL                              -----    -----      -----    -----      -----    -----
  +--> ?PR?_BSP_READINPUTDATABIT?BSP_GPIO

?PR?DANGWEI?SIGNAL                             -----    -----      -----    -----      024DH    0009H
  +--> ?PR?_BSP_READMULTIPLEDATABIT?BSP_GPIO
  +--> ?PR?_BSP_READINPUTDATABIT?BSP_GPIO

?PR?_BSP_READMULTIPLEDATABIT?BSP_GPIO          -----    -----      -----    -----      0256H    0006H
  +--> ?PR?_BSP_GETGPIOSTATUS?BSP_GPIO

?PR?KONGDANG?SIGNAL                            -----    -----      -----    -----      -----    -----
  +--> ?PR?DANGWEI?SIGNAL

?PR?ZUOYIYALI?SIGNAL                           -----    -----      -----    -----      -----    -----
  +--> ?PR?_BSP_READINPUTDATABIT?BSP_GPIO

?PR?YUSHUA?SIGNAL                              -----    -----      -----    -----      -----    -----
  +--> ?PR?_BSP_READINPUTDATABIT?BSP_GPIO

?PR?WUDENG?SIGNAL                              -----    -----      -----    -----      -----    -----
  +--> ?PR?_BSP_READINPUTDATABIT?BSP_GPIO

?PR?NEIHOUSHI?SIGNAL                           -----    -----      -----    -----      -----    -----
  +--> ?PR?_BSP_READINPUTDATABIT?BSP_GPIO

?PR?ZUOHOUSHI?SIGNAL                           -----    -----      -----    -----      -----    -----
  +--> ?PR?_BSP_READINPUTDATABIT?BSP_GPIO

?PR?FUSHACHE?SIGNAL                            -----    -----      -----    -----      -----    -----
  +--> ?PR?_BSP_READINPUTDATABIT?BSP_GPIO

?PR?BEGIN?SIGNAL                               -----    -----      -----    -----      -----    -----
  +--> ?PR?_BSP_READINPUTDATABIT?BSP_GPIO

?PR?RAOCHE1?SIGNAL                             -----    -----      -----    -----      -----    -----
  +--> ?PR?_BSP_READMULTIPLEDATABIT?BSP_GPIO

?PR?RAOCHE2?SIGNAL                             -----    -----      -----    -----      -----    -----
  +--> ?PR?_BSP_READMULTIPLEDATABIT?BSP_GPIO

?PR?RAOCHE3?SIGNAL                             -----    -----      -----    -----      -----    -----
  +--> ?PR?_BSP_READMULTIPLEDATABIT?BSP_GPIO

?PR?YAOSHIMEN?SIGNAL                           -----    -----      -----    -----      -----    -----
  +--> ?PR?_BSP_READINPUTDATABIT?BSP_GPIO

?PR?CHUANGDONG?SIGNAL                          -----    -----      -----    -----      -----    -----
  +--> ?PR?_BSP_READINPUTDATABIT?BSP_GPIO

?PR?DBQ_LEFTFRONT?SIGNAL                       -----    -----      -----    -----      -----    -----
  +--> ?PR?_BSP_READMULTIPLEDATABIT?BSP_GPIO

?PR?DBQ_LEFTREAR?SIGNAL                        -----    -----      -----    -----      -----    -----
BL51 BANKED LINKER/LOCATER V6.22.2.0                                                  09/20/2025  15:17:53  PAGE 9


  +--> ?PR?_BSP_READMULTIPLEDATABIT?BSP_GPIO

?PR?DBQ_RIGHTFRONT?SIGNAL                      -----    -----      -----    -----      -----    -----
  +--> ?PR?_BSP_READMULTIPLEDATABIT?BSP_GPIO

?PR?DBQ_RIGHTREAR?SIGNAL                       -----    -----      -----    -----      -----    -----
  +--> ?PR?_BSP_READMULTIPLEDATABIT?BSP_GPIO

?PR?DBQ_LEFTMIDDLE?SIGNAL                      -----    -----      -----    -----      -----    -----
  +--> ?PR?_BSP_READMULTIPLEDATABIT?BSP_GPIO

?PR?DBQ_RIGHTMIDDLE?SIGNAL                     -----    -----      -----    -----      -----    -----
  +--> ?PR?_BSP_READMULTIPLEDATABIT?BSP_GPIO

?PR?GUANCHAYIBIAO?SIGNAL                       -----    -----      -----    -----      -----    -----
  +--> ?PR?_BSP_READINPUTDATABIT?BSP_GPIO

?PR?_CHECKSUM?CHECK                            -----    -----      -----    -----      024DH    0008H

?PR?_DELAY_MS?BSP_DELAY                        -----    -----      -----    -----      -----    -----
  +--> ?PR?DELAY1MS?BSP_DELAY



SYMBOL TABLE OF MODULE:  .\Objects\STC (GPIO)

  VALUE           TYPE          NAME
  ----------------------------------

  -------         MODULE        GPIO
  C:0000H         SYMBOL        _ICE_DUMMY_
  D:0092H         PUBLIC        P1M0
  D:0093H         PUBLIC        P0M1
  D:0096H         PUBLIC        P2M0
  D:0091H         PUBLIC        P1M1
  D:0080H         PUBLIC        P0
  D:00B2H         PUBLIC        P3M0
  D:0095H         PUBLIC        P2M1
  D:0090H         PUBLIC        P1
  D:00B4H         PUBLIC        P4M0
  D:00B1H         PUBLIC        P3M1
  D:00A0H         PUBLIC        P2
  D:00CAH         PUBLIC        P5M0
  D:00B3H         PUBLIC        P4M1
  D:00B0H         PUBLIC        P3
  D:00C9H         PUBLIC        P5M1
  D:00C0H         PUBLIC        P4
  D:00C8H         PUBLIC        P5
  D:00A8H         PUBLIC        IE
  D:00B8H         PUBLIC        IP
  D:00D8H         PUBLIC        CCON
  D:0098H         PUBLIC        SCON
  D:0088H         PUBLIC        TCON
  C:4C5CH         PUBLIC        _GPIO_Inilize
  D:00D0H         PUBLIC        PSW
  D:0094H         PUBLIC        P0M0
  -------         PROC          _GPIO_INILIZE
BL51 BANKED LINKER/LOCATER V6.22.2.0                                                  09/20/2025  15:17:53  PAGE 10


  D:0007H         SYMBOL        GPIO
  D:0001H         SYMBOL        GPIOx
  C:4C5CH         LINE#         10
  C:4C5CH         LINE#         11
  C:4C5CH         LINE#         12
  C:4C69H         LINE#         13
  C:4C79H         LINE#         14
  C:4C7CH         LINE#         15
  C:4C7CH         LINE#         16
  C:4C8AH         LINE#         17
  C:4C9CH         LINE#         18
  C:4CAEH         LINE#         19
  C:4CC0H         LINE#         20
  C:4CC0H         LINE#         21
  C:4CC5H         LINE#         22
  C:4CC5H         LINE#         23
  C:4CD6H         LINE#         24
  C:4CE6H         LINE#         25
  C:4CF7H         LINE#         26
  C:4D0BH         LINE#         27
  C:4D0BH         LINE#         28
  C:4D10H         LINE#         29
  C:4D10H         LINE#         30
  C:4D21H         LINE#         31
  C:4D31H         LINE#         32
  C:4D42H         LINE#         33
  C:4D56H         LINE#         34
  C:4D56H         LINE#         35
  C:4D5BH         LINE#         36
  C:4D5BH         LINE#         37
  C:4D6CH         LINE#         38
  C:4D7CH         LINE#         39
  C:4D8DH         LINE#         40
  C:4DA1H         LINE#         41
  C:4DA1H         LINE#         42
  C:4DA6H         LINE#         43
  C:4DA6H         LINE#         44
  C:4DB7H         LINE#         45
  C:4DC7H         LINE#         46
  C:4DD8H         LINE#         47
  C:4DECH         LINE#         48
  C:4DECH         LINE#         49
  C:4DF1H         LINE#         50
  C:4DF1H         LINE#         51
  C:4E04H         LINE#         52
  C:4E15H         LINE#         53
  C:4E26H         LINE#         54
  C:4E3AH         LINE#         55
  C:4E3AH         LINE#         56
  C:4E3CH         LINE#         57
  -------         ENDPROC       _GPIO_INILIZE
  -------         ENDMOD        GPIO

  -------         MODULE        FLASH
  C:0000H         SYMBOL        _ICE_DUMMY_
  D:0080H         PUBLIC        P0
  D:0090H         PUBLIC        P1
BL51 BANKED LINKER/LOCATER V6.22.2.0                                                  09/20/2025  15:17:53  PAGE 11


  D:00A0H         PUBLIC        P2
  D:00B0H         PUBLIC        P3
  C:67FAH         PUBLIC        _IapEraseSector
  D:00C0H         PUBLIC        P4
  D:00C8H         PUBLIC        P5
  D:00A8H         PUBLIC        IE
  D:00C5H         PUBLIC        IAP_CMD
  D:00B8H         PUBLIC        IP
  C:69E3H         SYMBOL        IapIdle
  D:00C3H         PUBLIC        IAP_ADDRH
  D:00C4H         PUBLIC        IAP_ADDRL
  D:00D8H         PUBLIC        CCON
  C:675FH         PUBLIC        _IapReadByte
  D:0098H         PUBLIC        SCON
  D:0088H         PUBLIC        TCON
  C:672EH         PUBLIC        _IapWriteByte
  D:00C7H         PUBLIC        IAP_CONTR
  D:00C2H         PUBLIC        IAP_DATA
  D:00C6H         PUBLIC        IAP_TRIG
  D:00D0H         PUBLIC        PSW
  -------         PROC          IAPIDLE
  C:69E3H         LINE#         19
  C:69E3H         LINE#         20
  C:69E3H         LINE#         21
  C:69E6H         LINE#         22
  C:69E8H         LINE#         23
  C:69EAH         LINE#         24
  C:69EDH         LINE#         25
  C:69EFH         LINE#         26
  -------         ENDPROC       IAPIDLE
  -------         PROC          _IAPREADBYTE
  D:0006H         SYMBOL        addr
  -------         DO            
  D:0007H         SYMBOL        dat
  -------         ENDDO         
  C:675FH         LINE#         31
  C:675FH         LINE#         32
  C:675FH         LINE#         35
  C:6762H         LINE#         36
  C:6765H         LINE#         37
  C:6767H         LINE#         38
  C:676AH         LINE#         39
  C:676DH         LINE#         40
  C:6770H         LINE#         41
  C:6771H         LINE#         42
  C:6773H         LINE#         43
  -------         ENDPROC       _IAPREADBYTE
  -------         PROC          _IAPWRITEBYTE
  D:0006H         SYMBOL        addr
  D:0005H         SYMBOL        dat
  C:672EH         LINE#         50
  C:672EH         LINE#         51
  C:672EH         LINE#         52
  C:6731H         LINE#         53
  C:6734H         LINE#         54
  C:6736H         LINE#         55
  C:6739H         LINE#         56
BL51 BANKED LINKER/LOCATER V6.22.2.0                                                  09/20/2025  15:17:53  PAGE 12


  C:673DH         LINE#         57
  C:6740H         LINE#         58
  C:6743H         LINE#         59
  C:6744H         LINE#         60
  -------         ENDPROC       _IAPWRITEBYTE
  -------         PROC          _IAPERASESECTOR
  D:0006H         SYMBOL        addr
  C:67FAH         LINE#         66
  C:67FAH         LINE#         67
  C:67FAH         LINE#         68
  C:67FDH         LINE#         69
  C:6800H         LINE#         70
  C:6802H         LINE#         71
  C:6805H         LINE#         72
  C:6808H         LINE#         73
  C:680BH         LINE#         74
  C:680CH         LINE#         75
  -------         ENDPROC       _IAPERASESECTOR
  -------         ENDMOD        FLASH

  -------         MODULE        USART
  C:0000H         SYMBOL        _ICE_DUMMY_
  D:0080H         PUBLIC        P0
  D:0090H         PUBLIC        P1
  D:00A0H         PUBLIC        P2
  D:00B0H         PUBLIC        P3
  D:00C0H         PUBLIC        P4
  D:00C8H         PUBLIC        P5
  D:00A8H         PUBLIC        IE
  B:00A8H.4       PUBLIC        ES
  D:00B8H         PUBLIC        IP
  C:51A2H         PUBLIC        _USART_ReadRxBuffer
  B:0098H.0       PUBLIC        RI
  D:00D8H         PUBLIC        CCON
  D:0099H         PUBLIC        SBUF
  D:0087H         PUBLIC        PCON
  X:0199H         PUBLIC        Msg_RX
  D:0098H         PUBLIC        SCON
  D:0089H         PUBLIC        TMOD
  D:0088H         PUBLIC        TCON
  C:5CAEH         PUBLIC        _USART_ClearMsgQueueRxBuffer
  C:69C5H         PUBLIC        _USART_CloseInterrupt
  D:00AFH         PUBLIC        IE2
  D:008EH         PUBLIC        AUXR
  B:00A8H.3       PUBLIC        ET1
  D:008DH         PUBLIC        TH1
  D:008BH         PUBLIC        TL1
  C:4A0CH         PUBLIC        _USART_Configuration
  B:0088H.6       PUBLIC        TR1
  C:69D4H         PUBLIC        _USART_OpenInterrupt
  C:5BB6H         PUBLIC        int_4
  X:01B3H         PUBLIC        Msg_Rx1Buffer
  D:009BH         PUBLIC        S2BUF
  C:59BCH         PUBLIC        int_8
  X:01D3H         PUBLIC        Msg_Rx2Buffer
  D:009AH         PUBLIC        S2CON
  D:009CH         PUBLIC        BRT
BL51 BANKED LINKER/LOCATER V6.22.2.0                                                  09/20/2025  15:17:53  PAGE 13


  D:00D0H         PUBLIC        PSW
  -------         PROC          _USART_CONFIGURATION
  X:0265H         SYMBOL        UARTx
  X:0266H         SYMBOL        COMx
  -------         DO            
  X:0269H         SYMBOL        i
  -------         ENDDO         
  C:4A0CH         LINE#         27
  C:4A1CH         LINE#         28
  C:4A1CH         LINE#         29
  C:4A21H         LINE#         30
  C:4A29H         LINE#         31
  C:4A29H         LINE#         32
  C:4A46H         LINE#         33
  C:4A5FH         LINE#         34
  C:4A8BH         LINE#         35
  C:4AB7H         LINE#         36
  C:4AC7H         LINE#         37
  C:4AD4H         LINE#         38
  C:4AE9H         LINE#         39
  C:4AE9H         LINE#         40
  C:4AECH         LINE#         41
  C:4AEFH         LINE#         42
  C:4AF2H         LINE#         43
  C:4AF5H         LINE#         44
  C:4AF8H         LINE#         45
  C:4AFBH         LINE#         46
  C:4B11H         LINE#         47
  C:4B13H         LINE#         48
  C:4B15H         LINE#         49
  C:4B17H         LINE#         50
  C:4B17H         LINE#         51
  C:4B19H         LINE#         52
  C:4B2EH         LINE#         53
  C:4B2EH         LINE#         65
  C:4B31H         LINE#         66
  C:4B34H         LINE#         67
  C:4B37H         LINE#         68
  C:4B4DH         LINE#         69
  C:4B50H         LINE#         70
  C:4B53H         LINE#         71
  C:4B68H         LINE#         73
  C:4B68H         LINE#         75
  C:4B68H         LINE#         76
  C:4B73H         LINE#         77
  C:4B73H         LINE#         78
  C:4B8DH         LINE#         79
  C:4BA6H         LINE#         80
  C:4BD2H         LINE#         81
  C:4BFEH         LINE#         82
  C:4C0EH         LINE#         83
  C:4C1BH         LINE#         95
  C:4C1EH         LINE#         96
  C:4C21H         LINE#         97
  C:4C24H         LINE#         98
  C:4C45H         LINE#         99
  C:4C48H         LINE#         100
BL51 BANKED LINKER/LOCATER V6.22.2.0                                                  09/20/2025  15:17:53  PAGE 14


  C:4C5BH         LINE#         102
  C:4C5BH         LINE#         165
  -------         ENDPROC       _USART_CONFIGURATION
  -------         PROC          INT_4
  C:5BB6H         LINE#         167
  C:5BCBH         LINE#         169
  C:5BD1H         LINE#         170
  C:5BD1H         LINE#         171
  C:5BD3H         LINE#         172
  C:5C02H         LINE#         173
  C:5C02H         LINE#         175
  C:5C17H         LINE#         176
  C:5C2AH         LINE#         177
  C:5C2FH         LINE#         178
  C:5C2FH         LINE#         179
  C:5C61H         LINE#         180
  C:5C61H         LINE#         181
  C:5C6EH         LINE#         182
  C:5C83H         LINE#         183
  C:5C87H         LINE#         184
  C:5C89H         LINE#         186
  C:5C89H         LINE#         187
  C:5C9BH         LINE#         188
  C:5C9BH         LINE#         190
  C:5C9BH         LINE#         191
  -------         ENDPROC       INT_4
  -------         PROC          INT_8
  C:59BCH         LINE#         193
  C:59D1H         LINE#         195
  C:59D9H         LINE#         196
  C:59D9H         LINE#         197
  C:59DCH         LINE#         198
  C:5A11H         LINE#         199
  C:5A11H         LINE#         200
  C:5A26H         LINE#         201
  C:5A39H         LINE#         202
  C:5A3EH         LINE#         203
  C:5A3EH         LINE#         204
  C:5A70H         LINE#         205
  C:5A70H         LINE#         206
  C:5A7DH         LINE#         207
  C:5A92H         LINE#         208
  C:5A96H         LINE#         209
  C:5A98H         LINE#         211
  C:5A98H         LINE#         212
  C:5AAAH         LINE#         213
  C:5AAAH         LINE#         214
  C:5AAAH         LINE#         216
  -------         ENDPROC       INT_8
  -------         PROC          _USART_READRXBUFFER
  X:0252H         SYMBOL        UARTx
  X:0253H         SYMBOL        pbuffer
  X:0256H         SYMBOL        Buflenth
  -------         DO            
  X:0258H         SYMBOL        pIn
  X:025BH         SYMBOL        pOut
  D:0006H         SYMBOL        lenth
BL51 BANKED LINKER/LOCATER V6.22.2.0                                                  09/20/2025  15:17:53  PAGE 15


  X:025EH         SYMBOL        ptemp
  -------         ENDDO         
  C:51A2H         LINE#         283
  C:51B2H         LINE#         284
  C:51B2H         LINE#         285
  C:51D1H         LINE#         286
  C:51F1H         LINE#         287
  C:51F4H         LINE#         288
  C:5209H         LINE#         290
  C:5239H         LINE#         291
  C:5239H         LINE#         292
  C:523EH         LINE#         293
  C:524EH         LINE#         294
  C:524EH         LINE#         295
  C:528EH         LINE#         296
  C:528EH         LINE#         297
  C:52AEH         LINE#         298
  C:52D2H         LINE#         299
  C:52E2H         LINE#         300
  C:52E5H         LINE#         302
  C:52E5H         LINE#         303
  C:530AH         LINE#         304
  C:530AH         LINE#         309
  C:530DH         LINE#         311
  C:530DH         LINE#         315
  C:530DH         LINE#         316
  C:530DH         LINE#         317
  C:530DH         LINE#         318
  C:5331H         LINE#         319
  C:5331H         LINE#         321
  -------         ENDPROC       _USART_READRXBUFFER
  -------         PROC          _USART_CLOSEINTERRUPT
  D:0007H         SYMBOL        UARTx
  C:69C5H         LINE#         331
  C:69C5H         LINE#         332
  C:69C5H         LINE#         333
  C:69CDH         LINE#         334
  C:69CDH         LINE#         335
  C:69CDH         LINE#         336
  C:69CFH         LINE#         337
  C:69D0H         LINE#         338
  C:69D0H         LINE#         339
  C:69D3H         LINE#         340
  C:69D3H         LINE#         349
  C:69D3H         LINE#         351
  C:69D3H         LINE#         352
  -------         ENDPROC       _USART_CLOSEINTERRUPT
  -------         PROC          _USART_OPENINTERRUPT
  D:0007H         SYMBOL        UARTx
  C:69D4H         LINE#         361
  C:69D4H         LINE#         362
  C:69D4H         LINE#         363
  C:69DCH         LINE#         364
  C:69DCH         LINE#         365
  C:69DCH         LINE#         366
  C:69DEH         LINE#         367
  C:69DFH         LINE#         368
BL51 BANKED LINKER/LOCATER V6.22.2.0                                                  09/20/2025  15:17:53  PAGE 16


  C:69DFH         LINE#         369
  C:69E2H         LINE#         370
  C:69E2H         LINE#         381
  C:69E2H         LINE#         382
  -------         ENDPROC       _USART_OPENINTERRUPT
  -------         PROC          _USART_CLEARMSGQUEUERXBUFFER
  X:0256H         SYMBOL        UARTx
  -------         DO            
  D:0004H         SYMBOL        Bufferlenth
  -------         ENDDO         
  C:5CAEH         LINE#         390
  C:5CB3H         LINE#         391
  C:5CB3H         LINE#         392
  C:5CB6H         LINE#         394
  C:5CBCH         LINE#         395
  C:5CBCH         LINE#         397
  C:5CC1H         LINE#         399
  C:5CF9H         LINE#         401
  C:5D1AH         LINE#         403
  C:5D4AH         LINE#         405
  C:5D76H         LINE#         407
  C:5D86H         LINE#         409
  C:5D89H         LINE#         410
  C:5D89H         LINE#         413
  -------         ENDPROC       _USART_CLEARMSGQUEUERXBUFFER
  -------         ENDMOD        USART

  -------         MODULE        TIMER
  C:0000H         SYMBOL        _ICE_DUMMY_
  D:0080H         PUBLIC        P0
  D:0090H         PUBLIC        P1
  D:00A0H         PUBLIC        P2
  D:00B0H         PUBLIC        P3
  D:00C0H         PUBLIC        P4
  D:00C8H         PUBLIC        P5
  D:00A8H         PUBLIC        IE
  D:00B8H         PUBLIC        IP
  D:00D8H         PUBLIC        CCON
  D:0098H         PUBLIC        SCON
  D:0088H         PUBLIC        TCON
  D:00D0H         PUBLIC        PSW
  -------         ENDMOD        TIMER

  -------         MODULE        BSP
  C:0000H         SYMBOL        _ICE_DUMMY_
  D:0080H         PUBLIC        P0
  D:0090H         PUBLIC        P1
  D:00A0H         PUBLIC        P2
  D:00B0H         PUBLIC        P3
  D:00C0H         PUBLIC        P4
  D:00C8H         PUBLIC        P5
  B:00A8H.7       PUBLIC        EA
  D:00A8H         PUBLIC        IE
  C:0021H         PUBLIC        Cmd_Stop_Callback
  D:00B8H         PUBLIC        IP
  D:00D8H         PUBLIC        CCON
  C:0026H         PUBLIC        bote
BL51 BANKED LINKER/LOCATER V6.22.2.0                                                  09/20/2025  15:17:53  PAGE 17


  D:0098H         PUBLIC        SCON
  D:0088H         PUBLIC        TCON
  C:5E54H         PUBLIC        BSP_Init
  B:00B0H.7       PUBLIC        P483
  C:61FAH         PUBLIC        Cmd_Start_Callback
  D:00D0H         PUBLIC        PSW
  -------         PROC          BSP_INIT
  C:5E54H         LINE#         10
  C:5E54H         LINE#         11
  C:5E54H         LINE#         13
  C:5E57H         LINE#         15
  C:5E5AH         LINE#         17
  C:5E5DH         LINE#         19
  C:5E6CH         LINE#         22
  C:5E6EH         LINE#         26
  C:5E7DH         LINE#         33
  C:5E8DH         LINE#         34
  C:5E8DH         LINE#         35
  C:5E9CH         LINE#         36
  C:5E9CH         LINE#         37
  C:5EC3H         LINE#         39
  C:5ED5H         LINE#         41
  C:5EE7H         LINE#         42
  C:5EE7H         LINE#         43
  C:5EFCH         LINE#         44
  C:5EFCH         LINE#         45
  C:5EFFH         LINE#         46
  C:5F05H         LINE#         47
  C:5F05H         LINE#         49
  C:5F05H         LINE#         51
  C:5F07H         LINE#         55
  -------         ENDPROC       BSP_INIT
  -------         PROC          CMD_START_CALLBACK
  C:61FAH         LINE#         62
  C:61FAH         LINE#         63
  C:61FAH         LINE#         65
  C:61FDH         LINE#         69
  C:620DH         LINE#         70
  C:620DH         LINE#         71
  C:621CH         LINE#         72
  C:621CH         LINE#         73
  C:6243H         LINE#         75
  C:6255H         LINE#         77
  C:6267H         LINE#         78
  C:6267H         LINE#         80
  C:6267H         LINE#         230
  -------         ENDPROC       CMD_START_CALLBACK
  -------         PROC          CMD_STOP_CALLBACK
  C:0021H         LINE#         237
  C:0021H         LINE#         238
  C:0021H         LINE#         295
  -------         ENDPROC       CMD_STOP_CALLBACK
  -------         ENDMOD        BSP

  -------         MODULE        BSP_GPIO
  C:0000H         SYMBOL        _ICE_DUMMY_
  D:0080H         PUBLIC        P0
BL51 BANKED LINKER/LOCATER V6.22.2.0                                                  09/20/2025  15:17:53  PAGE 18


  D:0090H         PUBLIC        P1
  D:00A0H         PUBLIC        P2
  C:58ADH         PUBLIC        _BSP_GetGpioStatus
  D:00B0H         PUBLIC        P3
  D:00C0H         PUBLIC        P4
  D:00C8H         PUBLIC        P5
  C:667FH         PUBLIC        BSP_LichengCount_Init
  D:00A8H         PUBLIC        IE
  D:00B8H         PUBLIC        IP
  D:00D8H         PUBLIC        CCON
  B:0080H.0       PUBLIC        P00
  B:0090H.0       PUBLIC        P10
  B:0080H.1       PUBLIC        P01
  B:00A0H.0       PUBLIC        P20
  B:0090H.1       PUBLIC        P11
  B:0080H.2       PUBLIC        P02
  B:00A0H.1       PUBLIC        P21
  B:0090H.2       PUBLIC        P12
  B:0080H.3       PUBLIC        P03
  D:0098H         PUBLIC        SCON
  B:00A0H.2       PUBLIC        P22
  B:0090H.3       PUBLIC        P13
  B:0080H.4       PUBLIC        P04
  C:5011H         PUBLIC        _BSP_ReadMultipleDataBit
  D:0089H         PUBLIC        TMOD
  D:0088H         PUBLIC        TCON
  B:00B0H.2       PUBLIC        P32
  B:00A0H.3       PUBLIC        P23
  B:0090H.4       PUBLIC        P14
  B:0080H.5       PUBLIC        P05
  B:00B0H.3       PUBLIC        P33
  B:00A0H.4       PUBLIC        P24
  B:0090H.5       PUBLIC        P15
  B:0080H.6       PUBLIC        P06
  B:00B0H.4       PUBLIC        P34
  B:00A0H.5       PUBLIC        P25
  B:0090H.6       PUBLIC        P16
  B:0080H.7       PUBLIC        P07
  B:00C0H.4       PUBLIC        P44
  B:00B0H.5       PUBLIC        P35
  B:00A0H.6       PUBLIC        P26
  B:0090H.7       PUBLIC        P17
  B:00C0H.5       PUBLIC        P45
  B:00B0H.6       PUBLIC        P36
  B:00A0H.7       PUBLIC        P27
  B:00C0H.6       PUBLIC        P46
  B:00B0H.7       PUBLIC        P37
  B:00C0H.7       PUBLIC        P47
  C:69FCH         PUBLIC        BSP_ZhuansuCount_Init
  D:008CH         PUBLIC        TH0
  D:008DH         PUBLIC        TH1
  D:008AH         PUBLIC        TL0
  D:008BH         PUBLIC        TL1
  B:0088H.4       PUBLIC        TR0
  B:0088H.6       PUBLIC        TR1
  C:6513H         PUBLIC        BSP_GPIO_Init
  C:5FA7H         PUBLIC        _BSP_ReadInputDataBit
BL51 BANKED LINKER/LOCATER V6.22.2.0                                                  09/20/2025  15:17:53  PAGE 19


  D:00D0H         PUBLIC        PSW
  -------         PROC          BSP_GPIO_INIT
  -------         DO            
  X:0247H         SYMBOL        GPIO_InitStructure
  -------         ENDDO         
  C:6513H         LINE#         14
  C:6513H         LINE#         15
  C:6513H         LINE#         18
  C:6519H         LINE#         19
  C:651EH         LINE#         21
  C:6528H         LINE#         22
  C:6533H         LINE#         23
  C:653EH         LINE#         24
  C:6549H         LINE#         25
  -------         ENDPROC       BSP_GPIO_INIT
  -------         PROC          BSP_ZHUANSUCOUNT_INIT
  C:69FCH         LINE#         33
  C:69FCH         LINE#         34
  C:69FCH         LINE#         35
  C:69FFH         LINE#         36
  C:6A02H         LINE#         37
  C:6A04H         LINE#         38
  C:6A06H         LINE#         39
  -------         ENDPROC       BSP_ZHUANSUCOUNT_INIT
  -------         PROC          BSP_LICHENGCOUNT_INIT
  C:667FH         LINE#         45
  C:667FH         LINE#         46
  C:667FH         LINE#         48
  C:6697H         LINE#         49
  C:6697H         LINE#         50
  C:6697H         LINE#         51
  C:669AH         LINE#         52
  C:669DH         LINE#         53
  C:669FH         LINE#         54
  C:66A1H         LINE#         55
  C:66A2H         LINE#         56
  C:66A2H         LINE#         57
  C:66A5H         LINE#         58
  C:66A8H         LINE#         59
  C:66AAH         LINE#         60
  C:66ACH         LINE#         61
  C:66ACH         LINE#         83
  C:66ACH         LINE#         86
  C:66ACH         LINE#         92
  -------         ENDPROC       BSP_LICHENGCOUNT_INIT
  -------         PROC          _BSP_GETGPIOSTATUS
  D:0007H         SYMBOL        pin
  C:58ADH         LINE#         100
  C:58ADH         LINE#         101
  C:58ADH         LINE#         102
  C:592EH         LINE#         103
  C:592EH         LINE#         105
  C:5933H         LINE#         106
  C:5937H         LINE#         107
  C:593BH         LINE#         108
  C:593FH         LINE#         109
  C:5943H         LINE#         110
BL51 BANKED LINKER/LOCATER V6.22.2.0                                                  09/20/2025  15:17:53  PAGE 20


  C:5947H         LINE#         111
  C:594BH         LINE#         112
  C:594FH         LINE#         113
  C:5953H         LINE#         114
  C:5957H         LINE#         115
  C:595BH         LINE#         116
  C:595FH         LINE#         117
  C:5963H         LINE#         118
  C:5967H         LINE#         119
  C:596BH         LINE#         120
  C:596FH         LINE#         121
  C:5973H         LINE#         122
  C:5977H         LINE#         123
  C:597BH         LINE#         124
  C:597FH         LINE#         125
  C:5983H         LINE#         126
  C:5987H         LINE#         127
  C:598BH         LINE#         128
  C:598FH         LINE#         129
  C:5993H         LINE#         130
  C:5997H         LINE#         131
  C:599BH         LINE#         132
  C:599FH         LINE#         133
  C:59A3H         LINE#         134
  C:59A7H         LINE#         135
  C:59ABH         LINE#         136
  C:59AFH         LINE#         137
  C:59B3H         LINE#         138
  C:59B5H         LINE#         139
  C:59B9H         LINE#         176
  C:59B9H         LINE#         177
  C:59BBH         LINE#         178
  C:59BBH         LINE#         179
  -------         ENDPROC       _BSP_GETGPIOSTATUS
  -------         PROC          _BSP_READINPUTDATABIT
  D:0001H         SYMBOL        pSignal
  -------         DO            
  D:0006H         SYMBOL        status
  D:0007H         SYMBOL        signalstatus
  -------         ENDDO         
  C:5FA7H         LINE#         187
  C:5FA7H         LINE#         188
  C:5FA7H         LINE#         189
  C:5FA9H         LINE#         190
  C:5FB0H         LINE#         192
  C:5FBCH         LINE#         193
  C:5FBCH         LINE#         194
  C:5FBFH         LINE#         195
  C:5FBFH         LINE#         196
  C:5FCEH         LINE#         198
  C:5FD6H         LINE#         199
  C:5FD6H         LINE#         200
  C:5FDFH         LINE#         201
  C:5FDFH         LINE#         202
  C:5FE2H         LINE#         203
  C:5FE2H         LINE#         204
  C:5FE4H         LINE#         205
BL51 BANKED LINKER/LOCATER V6.22.2.0                                                  09/20/2025  15:17:53  PAGE 21


  C:5FF5H         LINE#         206
  C:5FF5H         LINE#         207
  C:5FFDH         LINE#         208
  C:5FFFH         LINE#         209
  C:6001H         LINE#         211
  C:6001H         LINE#         212
  C:6006H         LINE#         213
  C:6006H         LINE#         214
  C:6006H         LINE#         215
  C:6008H         LINE#         217
  C:6008H         LINE#         218
  C:6011H         LINE#         219
  C:6011H         LINE#         220
  C:6018H         LINE#         221
  C:601AH         LINE#         222
  C:601CH         LINE#         223
  C:602DH         LINE#         224
  C:602DH         LINE#         225
  C:6035H         LINE#         226
  C:6037H         LINE#         227
  C:6039H         LINE#         229
  C:6039H         LINE#         230
  C:6040H         LINE#         231
  C:6042H         LINE#         232
  C:6042H         LINE#         233
  C:6042H         LINE#         243
  C:6044H         LINE#         244
  -------         ENDPROC       _BSP_READINPUTDATABIT
  -------         PROC          _BSP_READMULTIPLEDATABIT
  X:0256H         SYMBOL        pSignal
  X:0259H         SYMBOL        offset
  -------         DO            
  D:0006H         SYMBOL        pin
  X:025AH         SYMBOL        status
  D:0005H         SYMBOL        signalstatus
  X:025BH         SYMBOL        flag
  -------         ENDDO         
  C:5011H         LINE#         252
  C:501FH         LINE#         253
  C:501FH         LINE#         255
  C:503BH         LINE#         256
  C:5040H         LINE#         257
  C:5047H         LINE#         258
  C:504CH         LINE#         260
  C:5058H         LINE#         261
  C:5058H         LINE#         262
  C:505BH         LINE#         263
  C:505BH         LINE#         264
  C:5083H         LINE#         266
  C:5095H         LINE#         268
  C:50B0H         LINE#         270
  C:50B6H         LINE#         271
  C:50B6H         LINE#         272
  C:50CAH         LINE#         273
  C:50CAH         LINE#         274
  C:50D1H         LINE#         275
  C:50D1H         LINE#         276
BL51 BANKED LINKER/LOCATER V6.22.2.0                                                  09/20/2025  15:17:53  PAGE 22


  C:50D3H         LINE#         277
  C:50E4H         LINE#         278
  C:50E4H         LINE#         279
  C:50F7H         LINE#         280
  C:50FDH         LINE#         281
  C:50FFH         LINE#         283
  C:50FFH         LINE#         284
  C:5105H         LINE#         285
  C:5105H         LINE#         286
  C:5105H         LINE#         287
  C:5107H         LINE#         289
  C:5107H         LINE#         290
  C:511BH         LINE#         291
  C:511BH         LINE#         292
  C:5122H         LINE#         293
  C:5122H         LINE#         294
  C:5124H         LINE#         295
  C:5135H         LINE#         296
  C:5135H         LINE#         297
  C:5148H         LINE#         298
  C:514DH         LINE#         299
  C:514FH         LINE#         301
  C:514FH         LINE#         302
  C:5154H         LINE#         303
  C:5159H         LINE#         304
  C:5159H         LINE#         305
  C:5159H         LINE#         306
  C:517CH         LINE#         308
  C:519CH         LINE#         310
  C:51A1H         LINE#         312
  -------         ENDPROC       _BSP_READMULTIPLEDATABIT
  -------         ENDMOD        BSP_GPIO

  -------         MODULE        BSP_USART
  C:0000H         SYMBOL        _ICE_DUMMY_
  D:0080H         PUBLIC        P0
  D:0090H         PUBLIC        P1
  D:00A0H         PUBLIC        P2
  D:00B0H         PUBLIC        P3
  D:00C0H         PUBLIC        P4
  D:00C8H         PUBLIC        P5
  D:00A8H         PUBLIC        IE
  D:00B8H         PUBLIC        IP
  B:0098H.1       PUBLIC        TI
  D:00D8H         PUBLIC        CCON
  C:4538H         PUBLIC        _BSP_GetUsartRxBuffer
  D:0099H         PUBLIC        SBUF
  D:0098H         PUBLIC        SCON
  D:0088H         PUBLIC        TCON
  X:01F3H         PUBLIC        Rx1_Buffer
  X:0213H         PUBLIC        Rx2_Buffer
  C:0003H         SYMBOL        _WaitForTISignal
  X:0233H         PUBLIC        Rx
  C:5635H         PUBLIC        _BSP_Usart_Init
  D:009BH         PUBLIC        S2BUF
  D:009AH         PUBLIC        S2CON
  C:5F08H         PUBLIC        _BSP_ClearUsartRxBuffer
BL51 BANKED LINKER/LOCATER V6.22.2.0                                                  09/20/2025  15:17:53  PAGE 23


  B:00B0H.7       PUBLIC        P483
  C:6554H         PUBLIC        _USART_SendData
  D:00D0H         PUBLIC        PSW
  C:69B4H         PUBLIC        _putchar
  C:6462H         PUBLIC        _USART_Sendbuffer
  -------         PROC          _PUTCHAR
  X:0282H         SYMBOL        ch
  C:69B4H         LINE#         28
  C:69BAH         LINE#         29
  C:69BAH         LINE#         35
  C:69BFH         LINE#         37
  C:69C4H         LINE#         38
  -------         ENDPROC       _PUTCHAR
  -------         PROC          _BSP_USART_INIT
  X:0256H         SYMBOL        USARTx
  X:0257H         SYMBOL        bote
  -------         DO            
  X:025BH         SYMBOL        COMx_InitStructure
  -------         ENDDO         
  C:5635H         LINE#         45
  C:563AH         LINE#         46
  C:563AH         LINE#         49
  C:5641H         LINE#         50
  C:5641H         LINE#         51
  C:565BH         LINE#         52
  C:5674H         LINE#         53
  C:56A0H         LINE#         54
  C:56B0H         LINE#         55
  C:56BDH         LINE#         57
  C:56C3H         LINE#         58
  C:56C6H         LINE#         59
  C:56D1H         LINE#         60
  C:56D1H         LINE#         61
  C:56EBH         LINE#         62
  C:5704H         LINE#         63
  C:5730H         LINE#         64
  C:5740H         LINE#         65
  C:574DH         LINE#         67
  C:5753H         LINE#         68
  C:5753H         LINE#         92
  C:5753H         LINE#         94
  C:5753H         LINE#         95
  C:576CH         LINE#         96
  C:5780H         LINE#         97
  C:5786H         LINE#         98
  C:5794H         LINE#         99
  -------         ENDPROC       _BSP_USART_INIT
  -------         PROC          _BSP_GETUSARTRXBUFFER
  X:0248H         SYMBOL        USARTx
  X:0249H         SYMBOL        pRxBuffer
  X:024CH         SYMBOL        Rxlenth
  -------         DO            
  D:0004H         SYMBOL        remaindlen
  X:024EH         SYMBOL        lenth
  X:0250H         SYMBOL        i
  -------         ENDDO         
  C:4538H         LINE#         107
BL51 BANKED LINKER/LOCATER V6.22.2.0                                                  09/20/2025  15:17:53  PAGE 24


  C:4548H         LINE#         108
  C:4548H         LINE#         109
  C:4549H         LINE#         110
  C:454FH         LINE#         111
  C:4553H         LINE#         114
  C:455FH         LINE#         115
  C:455FH         LINE#         116
  C:4563H         LINE#         117
  C:4563H         LINE#         120
  C:459FH         LINE#         122
  C:45CCH         LINE#         124
  C:460AH         LINE#         126
  C:4643H         LINE#         128
  C:4686H         LINE#         129
  C:4686H         LINE#         131
  C:4689H         LINE#         133
  C:469AH         LINE#         139
  C:46A1H         LINE#         140
  C:46A1H         LINE#         142
  C:46B9H         LINE#         143
  C:46B9H         LINE#         144
  C:46BEH         LINE#         146
  C:46CFH         LINE#         148
  C:46ECH         LINE#         149
  C:46ECH         LINE#         150
  C:4721H         LINE#         151
  C:4731H         LINE#         152
  C:4739H         LINE#         153
  C:473BH         LINE#         155
  C:473BH         LINE#         156
  C:4756H         LINE#         157
  C:4756H         LINE#         158
  C:478BH         LINE#         159
  C:479BH         LINE#         161
  C:479BH         LINE#         163
  C:47AAH         LINE#         165
  C:47B2H         LINE#         167
  -------         ENDPROC       _BSP_GETUSARTRXBUFFER
  -------         PROC          _BSP_CLEARUSARTRXBUFFER
  X:0252H         SYMBOL        USARTx
  -------         DO            
  D:0004H         SYMBOL        lenth
  -------         ENDDO         
  C:5F08H         LINE#         239
  C:5F0DH         LINE#         240
  C:5F0DH         LINE#         241
  C:5F0DH         LINE#         243
  C:5F1FH         LINE#         245
  C:5F57H         LINE#         247
  C:5F76H         LINE#         249
  C:5FA6H         LINE#         254
  -------         ENDPROC       _BSP_CLEARUSARTRXBUFFER
  -------         PROC          _WAITFORTISIGNAL
  D:0007H         SYMBOL        USARTx
  C:0003H         LINE#         261
  C:0003H         LINE#         262
  C:0003H         LINE#         263
BL51 BANKED LINKER/LOCATER V6.22.2.0                                                  09/20/2025  15:17:53  PAGE 25


  C:000BH         LINE#         264
  C:000BH         LINE#         265
  C:000EH         LINE#         266
  C:0010H         LINE#         267
  C:0011H         LINE#         268
  C:0017H         LINE#         269
  C:0017H         LINE#         270
  C:001DH         LINE#         271
  C:0020H         LINE#         272
  C:0020H         LINE#         286
  C:0020H         LINE#         288
  C:0020H         LINE#         289
  -------         ENDPROC       _WAITFORTISIGNAL
  -------         PROC          _USART_SENDDATA
  X:0283H         SYMBOL        USARTx
  X:0284H         SYMBOL        ch
  C:6554H         LINE#         296
  C:655CH         LINE#         297
  C:655CH         LINE#         299
  C:655EH         LINE#         300
  C:6561H         LINE#         302
  C:6570H         LINE#         303
  C:6570H         LINE#         305
  C:6570H         LINE#         306
  C:6578H         LINE#         307
  C:6578H         LINE#         308
  C:6578H         LINE#         309
  C:657EH         LINE#         310
  C:6580H         LINE#         311
  C:6580H         LINE#         312
  C:6586H         LINE#         313
  C:6586H         LINE#         322
  C:6586H         LINE#         323
  C:6586H         LINE#         325
  C:6586H         LINE#         326
  C:658EH         LINE#         328
  C:6590H         LINE#         329
  C:6593H         LINE#         331
  -------         ENDPROC       _USART_SENDDATA
  -------         PROC          _USART_SENDBUFFER
  X:0256H         SYMBOL        USARTx
  X:0257H         SYMBOL        ch
  X:025AH         SYMBOL        lenth
  -------         DO            
  X:025CH         SYMBOL        i
  -------         ENDDO         
  C:6462H         LINE#         338
  C:6470H         LINE#         339
  C:6470H         LINE#         340
  C:6477H         LINE#         342
  C:6492H         LINE#         343
  C:6492H         LINE#         344
  C:64ACH         LINE#         345
  C:64BCH         LINE#         347
  -------         ENDPROC       _USART_SENDBUFFER
  -------         ENDMOD        BSP_USART

BL51 BANKED LINKER/LOCATER V6.22.2.0                                                  09/20/2025  15:17:53  PAGE 26


  -------         MODULE        BSP_FLASH
  C:0000H         SYMBOL        _ICE_DUMMY_
  D:0080H         PUBLIC        P0
  D:0090H         PUBLIC        P1
  D:00A0H         PUBLIC        P2
  D:00B0H         PUBLIC        P3
  D:00C0H         PUBLIC        P4
  D:00C8H         PUBLIC        P5
  D:00A8H         PUBLIC        IE
  D:00B8H         PUBLIC        IP
  D:00D8H         PUBLIC        CCON
  C:183BH         PUBLIC        BSP_GetFlashConfig
  D:0098H         PUBLIC        SCON
  D:0088H         PUBLIC        TCON
  C:0046H         PUBLIC        _BSP_FlashWriteByte
  X:0000H         PUBLIC        pFlash
  X:0003H         PUBLIC        FlashCacheBuf
  D:00D0H         PUBLIC        PSW
  -------         PROC          BSP_GETFLASHCONFIG
  C:183BH         LINE#         13
  C:183BH         LINE#         14
  C:183BH         LINE#         17
  C:1851H         LINE#         18
  C:186AH         LINE#         21
  C:1883H         LINE#         22
  C:189CH         LINE#         23
  C:18B5H         LINE#         28
  C:18CEH         LINE#         29
  C:18E7H         LINE#         32
  C:1900H         LINE#         33
  C:1919H         LINE#         37
  C:1932H         LINE#         38
  C:194BH         LINE#         41
  C:1964H         LINE#         42
  C:197DH         LINE#         45
  C:1996H         LINE#         46
  C:19AFH         LINE#         49
  C:19C8H         LINE#         50
  C:19E1H         LINE#         53
  C:19FAH         LINE#         54
  C:1A13H         LINE#         57
  C:1A2CH         LINE#         61
  C:1A45H         LINE#         62
  C:1A5EH         LINE#         65
  C:1A77H         LINE#         66
  C:1A90H         LINE#         69
  C:1AA9H         LINE#         70
  C:1AC2H         LINE#         71
  C:1ADBH         LINE#         72
  C:1AF4H         LINE#         73
  C:1B0DH         LINE#         75
  C:1B26H         LINE#         76
  C:1B3FH         LINE#         77
  C:1B58H         LINE#         78
  C:1B71H         LINE#         79
  C:1B8AH         LINE#         81
  C:1BA3H         LINE#         82
BL51 BANKED LINKER/LOCATER V6.22.2.0                                                  09/20/2025  15:17:53  PAGE 27


  C:1BBCH         LINE#         83
  C:1BD5H         LINE#         84
  C:1BEEH         LINE#         85
  C:1C07H         LINE#         87
  C:1C20H         LINE#         88
  C:1C39H         LINE#         89
  C:1C52H         LINE#         90
  C:1C6BH         LINE#         91
  C:1C84H         LINE#         93
  C:1C9DH         LINE#         94
  C:1CB6H         LINE#         95
  C:1CCFH         LINE#         96
  C:1CE8H         LINE#         97
  C:1D01H         LINE#         99
  C:1D1AH         LINE#         100
  C:1D33H         LINE#         101
  C:1D4CH         LINE#         102
  C:1D65H         LINE#         103
  C:1D7EH         LINE#         105
  C:1D97H         LINE#         106
  C:1DB0H         LINE#         107
  C:1DC9H         LINE#         108
  C:1DE2H         LINE#         109
  C:1DFBH         LINE#         111
  C:1E14H         LINE#         112
  C:1E2DH         LINE#         113
  C:1E46H         LINE#         114
  C:1E5FH         LINE#         115
  C:1E78H         LINE#         117
  C:1E91H         LINE#         118
  C:1EAAH         LINE#         119
  C:1EC3H         LINE#         120
  C:1EDCH         LINE#         121
  C:1EF5H         LINE#         123
  C:1F0EH         LINE#         124
  C:1F27H         LINE#         125
  C:1F40H         LINE#         126
  C:1F59H         LINE#         127
  C:1F72H         LINE#         129
  C:1F8BH         LINE#         130
  C:1FA4H         LINE#         131
  C:1FBDH         LINE#         132
  C:1FD6H         LINE#         133
  C:1FEFH         LINE#         135
  C:2008H         LINE#         136
  C:2021H         LINE#         137
  C:203AH         LINE#         138
  C:2053H         LINE#         139
  C:206CH         LINE#         141
  C:2085H         LINE#         142
  C:209EH         LINE#         143
  C:20B7H         LINE#         144
  C:20D0H         LINE#         145
  C:20E9H         LINE#         147
  C:2102H         LINE#         148
  C:211BH         LINE#         149
  C:2134H         LINE#         150
BL51 BANKED LINKER/LOCATER V6.22.2.0                                                  09/20/2025  15:17:53  PAGE 28


  C:214DH         LINE#         151
  C:2166H         LINE#         153
  C:217FH         LINE#         154
  C:2198H         LINE#         155
  C:21B1H         LINE#         156
  C:21CAH         LINE#         157
  C:21E3H         LINE#         159
  C:21FCH         LINE#         160
  C:2215H         LINE#         161
  C:222EH         LINE#         162
  C:2247H         LINE#         163
  C:2260H         LINE#         164
  C:2279H         LINE#         165
  C:2292H         LINE#         166
  C:22ABH         LINE#         167
  C:22C4H         LINE#         168
  C:22DDH         LINE#         169
  C:22F6H         LINE#         170
  C:230FH         LINE#         171
  C:2328H         LINE#         172
  C:2341H         LINE#         173
  C:235AH         LINE#         174
  C:2373H         LINE#         176
  C:238CH         LINE#         177
  C:23A5H         LINE#         178
  C:23BEH         LINE#         179
  C:23D7H         LINE#         180
  C:23F0H         LINE#         182
  C:2409H         LINE#         183
  C:2422H         LINE#         184
  C:243BH         LINE#         185
  C:2454H         LINE#         186
  C:246DH         LINE#         188
  C:2486H         LINE#         189
  C:249FH         LINE#         190
  C:24B8H         LINE#         191
  C:24D1H         LINE#         192
  C:24EAH         LINE#         194
  C:2503H         LINE#         195
  C:251CH         LINE#         196
  C:2535H         LINE#         197
  C:254EH         LINE#         198
  C:2567H         LINE#         200
  C:2580H         LINE#         201
  C:2599H         LINE#         202
  C:25B2H         LINE#         203
  C:25CBH         LINE#         204
  C:25E4H         LINE#         206
  C:25FDH         LINE#         207
  C:2616H         LINE#         208
  C:262FH         LINE#         209
  C:2648H         LINE#         210
  C:2661H         LINE#         212
  C:267AH         LINE#         213
  C:2693H         LINE#         214
  C:26ACH         LINE#         215
  C:26C5H         LINE#         216
BL51 BANKED LINKER/LOCATER V6.22.2.0                                                  09/20/2025  15:17:53  PAGE 29


  C:26DEH         LINE#         218
  C:26F7H         LINE#         219
  C:2710H         LINE#         220
  C:2729H         LINE#         221
  C:2742H         LINE#         222
  C:275BH         LINE#         223
  C:2774H         LINE#         224
  C:278DH         LINE#         226
  C:27A6H         LINE#         227
  C:27BFH         LINE#         228
  C:27D8H         LINE#         229
  C:27F1H         LINE#         230
  C:280AH         LINE#         232
  C:2823H         LINE#         233
  C:283CH         LINE#         234
  C:2855H         LINE#         235
  C:286EH         LINE#         236
  C:2887H         LINE#         238
  C:28A0H         LINE#         239
  C:28B9H         LINE#         240
  C:28D2H         LINE#         241
  C:28EBH         LINE#         242
  C:2904H         LINE#         244
  C:291DH         LINE#         245
  C:2936H         LINE#         246
  C:294FH         LINE#         247
  C:2968H         LINE#         248
  C:2981H         LINE#         251
  C:299AH         LINE#         252
  C:29B3H         LINE#         253
  C:29CCH         LINE#         254
  C:29E5H         LINE#         255
  C:29FEH         LINE#         257
  C:2A17H         LINE#         258
  C:2A30H         LINE#         259
  C:2A49H         LINE#         260
  C:2A62H         LINE#         261
  C:2A7BH         LINE#         262
  C:2A94H         LINE#         264
  C:2AADH         LINE#         265
  C:2AC6H         LINE#         266
  C:2ADFH         LINE#         267
  C:2AF8H         LINE#         268
  C:2B11H         LINE#         269
  C:2B2AH         LINE#         270
  C:2B43H         LINE#         271
  C:2B5CH         LINE#         272
  C:2B75H         LINE#         273
  C:2B8EH         LINE#         276
  C:2BA7H         LINE#         277
  C:2BC0H         LINE#         278
  C:2BD9H         LINE#         279
  -------         ENDPROC       BSP_GETFLASHCONFIG
  -------         PROC          _BSP_FLASHWRITEBYTE
  X:0256H         SYMBOL        addr
  X:0258H         SYMBOL        value
  C:0046H         LINE#         390
BL51 BANKED LINKER/LOCATER V6.22.2.0                                                  09/20/2025  15:17:53  PAGE 30


  C:0051H         LINE#         391
  C:0051H         LINE#         393
  C:0054H         LINE#         394
  C:005FH         LINE#         398
  C:007DH         LINE#         399
  C:009BH         LINE#         402
  C:00B9H         LINE#         403
  C:00D7H         LINE#         404
  C:00F5H         LINE#         407
  C:0113H         LINE#         408
  C:0131H         LINE#         411
  C:014FH         LINE#         412
  C:016DH         LINE#         415
  C:018BH         LINE#         416
  C:01A9H         LINE#         419
  C:01C7H         LINE#         420
  C:01E5H         LINE#         423
  C:0203H         LINE#         424
  C:0221H         LINE#         427
  C:023FH         LINE#         428
  C:025DH         LINE#         431
  C:027BH         LINE#         432
  C:0299H         LINE#         435
  C:02B7H         LINE#         439
  C:02D5H         LINE#         440
  C:02F3H         LINE#         443
  C:0311H         LINE#         444
  C:032FH         LINE#         448
  C:034DH         LINE#         449
  C:036BH         LINE#         450
  C:0389H         LINE#         451
  C:03A7H         LINE#         452
  C:03C5H         LINE#         454
  C:03E3H         LINE#         455
  C:0401H         LINE#         456
  C:041FH         LINE#         457
  C:043DH         LINE#         458
  C:045BH         LINE#         460
  C:0479H         LINE#         461
  C:0497H         LINE#         462
  C:04B5H         LINE#         463
  C:04D3H         LINE#         464
  C:04F1H         LINE#         466
  C:050FH         LINE#         467
  C:052DH         LINE#         468
  C:054BH         LINE#         469
  C:0569H         LINE#         470
  C:0587H         LINE#         472
  C:05A5H         LINE#         473
  C:05C3H         LINE#         474
  C:05E1H         LINE#         475
  C:05FFH         LINE#         476
  C:061DH         LINE#         478
  C:063BH         LINE#         479
  C:0659H         LINE#         480
  C:0677H         LINE#         481
  C:0695H         LINE#         482
BL51 BANKED LINKER/LOCATER V6.22.2.0                                                  09/20/2025  15:17:53  PAGE 31


  C:06B3H         LINE#         484
  C:06D1H         LINE#         485
  C:06EFH         LINE#         486
  C:070DH         LINE#         487
  C:072BH         LINE#         488
  C:0749H         LINE#         490
  C:0767H         LINE#         491
  C:0785H         LINE#         492
  C:07A3H         LINE#         493
  C:07C1H         LINE#         494
  C:07DFH         LINE#         496
  C:07FDH         LINE#         497
  C:081BH         LINE#         498
  C:0839H         LINE#         499
  C:0857H         LINE#         500
  C:0875H         LINE#         502
  C:0893H         LINE#         503
  C:08B1H         LINE#         504
  C:08CFH         LINE#         505
  C:08EDH         LINE#         506
  C:090BH         LINE#         508
  C:0929H         LINE#         509
  C:0947H         LINE#         510
  C:0965H         LINE#         511
  C:0983H         LINE#         512
  C:09A1H         LINE#         514
  C:09BFH         LINE#         515
  C:09DDH         LINE#         516
  C:09FBH         LINE#         517
  C:0A19H         LINE#         518
  C:0A37H         LINE#         520
  C:0A55H         LINE#         521
  C:0A73H         LINE#         522
  C:0A91H         LINE#         523
  C:0AAFH         LINE#         524
  C:0ACDH         LINE#         526
  C:0AEBH         LINE#         527
  C:0B09H         LINE#         528
  C:0B27H         LINE#         529
  C:0B45H         LINE#         530
  C:0B63H         LINE#         532
  C:0B81H         LINE#         533
  C:0B9FH         LINE#         534
  C:0BBDH         LINE#         535
  C:0BDBH         LINE#         536
  C:0BF9H         LINE#         538
  C:0C17H         LINE#         539
  C:0C35H         LINE#         540
  C:0C53H         LINE#         541
  C:0C71H         LINE#         542
  C:0C8FH         LINE#         543
  C:0CADH         LINE#         544
  C:0CCBH         LINE#         545
  C:0CE9H         LINE#         546
  C:0D07H         LINE#         547
  C:0D25H         LINE#         548
  C:0D43H         LINE#         549
BL51 BANKED LINKER/LOCATER V6.22.2.0                                                  09/20/2025  15:17:53  PAGE 32


  C:0D61H         LINE#         550
  C:0D7FH         LINE#         551
  C:0D9DH         LINE#         552
  C:0DBBH         LINE#         553
  C:0DD9H         LINE#         556
  C:0DF7H         LINE#         557
  C:0E15H         LINE#         558
  C:0E33H         LINE#         559
  C:0E51H         LINE#         560
  C:0E6FH         LINE#         562
  C:0E8DH         LINE#         563
  C:0EABH         LINE#         564
  C:0EC9H         LINE#         565
  C:0EE7H         LINE#         566
  C:0F05H         LINE#         568
  C:0F23H         LINE#         569
  C:0F41H         LINE#         570
  C:0F5FH         LINE#         571
  C:0F7DH         LINE#         572
  C:0F9BH         LINE#         574
  C:0FB9H         LINE#         575
  C:0FD7H         LINE#         576
  C:0FF5H         LINE#         577
  C:1013H         LINE#         578
  C:1031H         LINE#         580
  C:104FH         LINE#         581
  C:106DH         LINE#         582
  C:108BH         LINE#         583
  C:10A9H         LINE#         584
  C:10C7H         LINE#         586
  C:10E5H         LINE#         587
  C:1103H         LINE#         588
  C:1121H         LINE#         589
  C:113FH         LINE#         590
  C:115DH         LINE#         592
  C:117BH         LINE#         593
  C:1199H         LINE#         594
  C:11B7H         LINE#         595
  C:11D5H         LINE#         596
  C:11F3H         LINE#         598
  C:1211H         LINE#         599
  C:122FH         LINE#         600
  C:124FH         LINE#         601
  C:126DH         LINE#         602
  C:128BH         LINE#         603
  C:12A9H         LINE#         604
  C:12C7H         LINE#         606
  C:12E6H         LINE#         607
  C:1305H         LINE#         608
  C:1324H         LINE#         609
  C:1343H         LINE#         610
  C:1362H         LINE#         612
  C:1381H         LINE#         613
  C:13A0H         LINE#         614
  C:13BFH         LINE#         615
  C:13DEH         LINE#         616
  C:13FDH         LINE#         619
BL51 BANKED LINKER/LOCATER V6.22.2.0                                                  09/20/2025  15:17:53  PAGE 33


  C:141CH         LINE#         620
  C:143BH         LINE#         621
  C:145AH         LINE#         622
  C:1479H         LINE#         623
  C:1498H         LINE#         626
  C:14B7H         LINE#         627
  C:14D6H         LINE#         628
  C:14F5H         LINE#         629
  C:1514H         LINE#         630
  C:1533H         LINE#         634
  C:1552H         LINE#         635
  C:1571H         LINE#         636
  C:1590H         LINE#         637
  C:15AFH         LINE#         638
  C:15CEH         LINE#         641
  C:15EDH         LINE#         642
  C:160CH         LINE#         643
  C:162BH         LINE#         644
  C:164AH         LINE#         645
  C:1669H         LINE#         646
  C:1688H         LINE#         649
  C:16A7H         LINE#         650
  C:16C6H         LINE#         651
  C:16E5H         LINE#         652
  C:1704H         LINE#         653
  C:1723H         LINE#         654
  C:1742H         LINE#         655
  C:1761H         LINE#         656
  C:1780H         LINE#         657
  C:179FH         LINE#         658
  C:17BEH         LINE#         662
  C:17DDH         LINE#         663
  C:17FCH         LINE#         664
  C:181BH         LINE#         665
  C:183AH         LINE#         778
  -------         ENDPROC       _BSP_FLASHWRITEBYTE
  -------         ENDMOD        BSP_FLASH

  -------         MODULE        BSP_MCU_ID
  C:0000H         SYMBOL        _ICE_DUMMY_
  D:0080H         PUBLIC        P0
  D:0090H         PUBLIC        P1
  D:00A0H         PUBLIC        P2
  D:00B0H         PUBLIC        P3
  D:00C0H         PUBLIC        P4
  D:00C8H         PUBLIC        P5
  D:00A8H         PUBLIC        IE
  D:00B8H         PUBLIC        IP
  D:00D8H         PUBLIC        CCON
  C:6647H         PUBLIC        _BSP_GetlocalId
  D:0098H         PUBLIC        SCON
  D:0088H         PUBLIC        TCON
  D:00D0H         PUBLIC        PSW
  -------         PROC          _BSP_GETLOCALID
  X:025AH         SYMBOL        id
  -------         DO            
  D:0006H         SYMBOL        iptr
BL51 BANKED LINKER/LOCATER V6.22.2.0                                                  09/20/2025  15:17:53  PAGE 34


  D:0007H         SYMBOL        i
  -------         ENDDO         
  C:6647H         LINE#         31
  C:6652H         LINE#         32
  C:6652H         LINE#         35
  C:6654H         LINE#         37
  C:6656H         LINE#         38
  C:6660H         LINE#         39
  C:6660H         LINE#         40
  C:667BH         LINE#         41
  C:667EH         LINE#         62
  -------         ENDPROC       _BSP_GETLOCALID
  -------         ENDMOD        BSP_MCU_ID

  -------         MODULE        BSP_DELAY
  C:0000H         SYMBOL        _ICE_DUMMY_
  D:0080H         PUBLIC        P0
  D:0090H         PUBLIC        P1
  D:00A0H         PUBLIC        P2
  D:00B0H         PUBLIC        P3
  D:00C0H         PUBLIC        P4
  C:6A07H         SYMBOL        Delay1ms
  D:00C8H         PUBLIC        P5
  D:00A8H         PUBLIC        IE
  D:00B8H         PUBLIC        IP
  D:00D8H         PUBLIC        CCON
  D:0098H         PUBLIC        SCON
  D:0088H         PUBLIC        TCON
[...]
  C:48F0H         LINE#         1442
  C:4900H         LINE#         1443
BL51 BANKED LINKER/LOCATER V6.22.2.0                                                  09/20/2025  15:17:53  PAGE 49


  C:4910H         LINE#         1444
  C:4920H         LINE#         1445
  C:4930H         LINE#         1446
  C:4940H         LINE#         1447
  C:494EH         LINE#         1448
  C:495CH         LINE#         1450
  C:496CH         LINE#         1459
  C:497CH         LINE#         1460
  C:498CH         LINE#         1463
  C:499CH         LINE#         1464
  C:49ACH         LINE#         1465
  C:49BCH         LINE#         1467
  C:49CCH         LINE#         1468
  C:49DAH         LINE#         1509
  C:49EAH         LINE#         1510
  C:4A0BH         LINE#         1515
  -------         ENDPROC       GETFLASHCONFIG
  -------         PROC          _GETBASEBOARDDATAPACK
  X:0248H         SYMBOL        pDatabuf
  X:024BH         SYMBOL        lenth
  -------         DO            
  X:028EH         SYMBOL        count
  -------         ENDDO         
  C:2BF2H         LINE#         1523
  C:2C03H         LINE#         1524
  C:2C03H         LINE#         1527
  C:2C08H         LINE#         1543
  C:2C13H         LINE#         1544
  C:2C1EH         LINE#         1546
  C:2C44H         LINE#         1547
  C:2C6EH         LINE#         1548
  C:2C9AH         LINE#         1549
  C:2CC7H         LINE#         1550
  C:2CF2H         LINE#         1551
  C:2D1EH         LINE#         1552
  C:2D4BH         LINE#         1553
  C:2D79H         LINE#         1555
  C:2DA4H         LINE#         1556
  C:2DD5H         LINE#         1557
  C:2E07H         LINE#         1558
  C:2E37H         LINE#         1559
  C:2E68H         LINE#         1560
  C:2E9AH         LINE#         1561
  C:2ECDH         LINE#         1563
  C:2EF8H         LINE#         1564
  C:2F23H         LINE#         1566
  C:2F35H         LINE#         1567
  C:2F49H         LINE#         1568
  C:2F65H         LINE#         1570
  C:2F90H         LINE#         1571
  C:2FC2H         LINE#         1573
  C:2FEDH         LINE#         1574
  C:301CH         LINE#         1575
  C:304DH         LINE#         1576
  C:307FH         LINE#         1577
  C:30AFH         LINE#         1578
  C:30DFH         LINE#         1579
BL51 BANKED LINKER/LOCATER V6.22.2.0                                                  09/20/2025  15:17:53  PAGE 50


  C:3110H         LINE#         1580
  C:3142H         LINE#         1584
  C:3175H         LINE#         1586
  C:3188H         LINE#         1587
  C:3188H         LINE#         1588
  C:319DH         LINE#         1589
  C:31B2H         LINE#         1590
  C:31B5H         LINE#         1591
  C:31B5H         LINE#         1592
  C:31B7H         LINE#         1593
  C:31CCH         LINE#         1594
  C:31CCH         LINE#         1595
  C:31E1H         LINE#         1596
  C:31F6H         LINE#         1597
  C:320BH         LINE#         1598
  C:3220H         LINE#         1599
  C:3220H         LINE#         1610
  C:3234H         LINE#         1611
  C:3234H         LINE#         1612
  C:3247H         LINE#         1613
  C:324FH         LINE#         1614
  C:3257H         LINE#         1615
  C:3261H         LINE#         1616
  C:3261H         LINE#         1618
  C:327DH         LINE#         1619
  C:3284H         LINE#         1622
  C:32A8H         LINE#         1623
  C:32CCH         LINE#         1632
  C:32D3H         LINE#         1633
  C:32DAH         LINE#         1635
  C:32E1H         LINE#         1636
  C:32E8H         LINE#         1638
  C:3303H         LINE#         1639
  C:331AH         LINE#         1643
  C:332CH         LINE#         1644
  C:3333H         LINE#         1646
  C:333AH         LINE#         1647
  C:3341H         LINE#         1649
  C:3363H         LINE#         1650
  C:3392H         LINE#         1662
  C:33A5H         LINE#         1663
  C:33ADH         LINE#         1666
  C:33D7H         LINE#         1667
  C:3409H         LINE#         1668
  C:343AH         LINE#         1669
  C:346AH         LINE#         1670
  C:349CH         LINE#         1671
  C:34CDH         LINE#         1690
  C:34E2H         LINE#         1691
  C:34E2H         LINE#         1692
  C:34FAH         LINE#         1693
  C:34FAH         LINE#         1694
  C:3512H         LINE#         1698
  C:3529H         LINE#         1699
  C:3533H         LINE#         1700
  C:353DH         LINE#         1701
  C:3547H         LINE#         1702
BL51 BANKED LINKER/LOCATER V6.22.2.0                                                  09/20/2025  15:17:53  PAGE 51


  C:3551H         LINE#         1703
  C:355BH         LINE#         1704
  C:3565H         LINE#         1707
  C:3587H         LINE#         1715
  C:35AEH         LINE#         1717
  -------         ENDPROC       _GETBASEBOARDDATAPACK
  -------         ENDMOD        SIGNAL

  -------         MODULE        SERIAL
  C:0000H         SYMBOL        _ICE_DUMMY_
  D:0080H         PUBLIC        P0
  D:0090H         PUBLIC        P1
  D:00A0H         PUBLIC        P2
  D:00B0H         PUBLIC        P3
  D:00C0H         PUBLIC        P4
  D:00C8H         PUBLIC        P5
  D:00A8H         PUBLIC        IE
  D:00B8H         PUBLIC        IP
  D:00D8H         PUBLIC        CCON
  C:6402H         PUBLIC        CMD_rflash_Ack
  C:63FEH         PUBLIC        CMD_wflash_Ack
  X:013CH         PUBLIC        start
  C:6406H         PUBLIC        _SerialHandle
  D:0098H         PUBLIC        SCON
  D:0088H         PUBLIC        TCON
  C:63E0H         PUBLIC        CMD_RESET
  D:00C7H         PUBLIC        IAP_CONTR
  X:013DH         PUBLIC        BaseBoardBuffer
  C:64BDH         PUBLIC        _SerialDataUpload
  X:0179H         PUBLIC        Buffer
  C:63F8H         PUBLIC        CMD_readflash
  C:63E6H         PUBLIC        CMD_start
  C:422BH         PUBLIC        _Serial_CMD_Analy
  C:63F2H         PUBLIC        CMD_writeflash
  D:00D0H         PUBLIC        PSW
  C:63DCH         PUBLIC        Handbuffer
  C:63ECH         PUBLIC        CMD_stop
  -------         PROC          _SERIALDATAUPLOAD
  X:0247H         SYMBOL        upload_usart
  C:64BDH         LINE#         186
  C:64C2H         LINE#         187
  C:64C2H         LINE#         189
  C:64CAH         LINE#         190
  C:64CAH         LINE#         193
  C:64D7H         LINE#         195
  C:64E4H         LINE#         197
  C:64FBH         LINE#         199
  C:6512H         LINE#         208
  C:6512H         LINE#         209
  -------         ENDPROC       _SERIALDATAUPLOAD
  -------         PROC          _SERIAL_CMD_ANALY
  X:0248H         SYMBOL        USRATx
  X:0249H         SYMBOL        RxBuffer
  X:024CH         SYMBOL        lenth
  -------         DO            
  X:024EH         SYMBOL        pfirst
  X:0251H         SYMBOL        flash_addr
BL51 BANKED LINKER/LOCATER V6.22.2.0                                                  09/20/2025  15:17:53  PAGE 52


  X:0253H         SYMBOL        flash_value
  X:0254H         SYMBOL        validlen
  -------         ENDDO         
  C:422BH         LINE#         612
  C:4239H         LINE#         613
  C:4239H         LINE#         614
  C:4242H         LINE#         615
  C:4246H         LINE#         616
  C:4248H         LINE#         617
  C:424CH         LINE#         620
  C:428CH         LINE#         621
  C:429AH         LINE#         622
  C:429AH         LINE#         623
  C:42A3H         LINE#         624
  C:42A6H         LINE#         625
  C:42A9H         LINE#         626
  C:42A9H         LINE#         629
  C:42DFH         LINE#         630
  C:42EDH         LINE#         631
  C:42EDH         LINE#         633
  C:42F3H         LINE#         634
  C:42F3H         LINE#         635
  C:430BH         LINE#         636
  C:430BH         LINE#         637
  C:430EH         LINE#         638
  C:4314H         LINE#         639
  C:4316H         LINE#         640
  C:4316H         LINE#         643
  C:434CH         LINE#         644
  C:435AH         LINE#         645
  C:435AH         LINE#         646
  C:435FH         LINE#         647
  C:4362H         LINE#         648
  C:4365H         LINE#         649
  C:4365H         LINE#         652
  C:439BH         LINE#         654
  C:43ACH         LINE#         655
  C:43ACH         LINE#         656
  C:43B1H         LINE#         657
  C:43B4H         LINE#         658
  C:43E4H         LINE#         659
  C:43ECH         LINE#         660
  C:43ECH         LINE#         661
  C:43EFH         LINE#         662
  C:43EFH         LINE#         663
  C:43FEH         LINE#         664
  C:4407H         LINE#         665
  C:441BH         LINE#         667
  C:4426H         LINE#         669
  C:4431H         LINE#         671
  C:4448H         LINE#         673
  C:444BH         LINE#         674
  C:444BH         LINE#         677
  C:4481H         LINE#         679
  C:4492H         LINE#         680
  C:4492H         LINE#         681
  C:4497H         LINE#         682
BL51 BANKED LINKER/LOCATER V6.22.2.0                                                  09/20/2025  15:17:53  PAGE 53


  C:449AH         LINE#         683
  C:44CAH         LINE#         685
  C:44D2H         LINE#         686
  C:44D2H         LINE#         687
  C:44D5H         LINE#         688
  C:44D5H         LINE#         690
  C:44E4H         LINE#         691
  C:44EDH         LINE#         692
  C:4501H         LINE#         694
  C:450EH         LINE#         696
  C:4525H         LINE#         698
  C:4532H         LINE#         700
  C:4535H         LINE#         701
  C:4535H         LINE#         742
  C:4537H         LINE#         744
  -------         ENDPROC       _SERIAL_CMD_ANALY
  -------         PROC          _SERIALHANDLE
  X:0247H         SYMBOL        USARTx
  -------         DO            
  D:0004H         SYMBOL        lenth
  -------         ENDDO         
  C:6406H         LINE#         753
  C:640BH         LINE#         754
  C:640BH         LINE#         756
  C:640EH         LINE#         757
  C:641AH         LINE#         765
  C:6435H         LINE#         766
  C:643EH         LINE#         767
  C:643EH         LINE#         768
  C:6459H         LINE#         769
  C:6459H         LINE#         770
  C:6461H         LINE#         771
  C:6461H         LINE#         773
  C:6461H         LINE#         775
  -------         ENDPROC       _SERIALHANDLE
  -------         ENDMOD        SERIAL

  -------         MODULE        CHECK
  C:0000H         SYMBOL        _ICE_DUMMY_
  C:5795H         PUBLIC        _ByteArrayCompar
  D:0080H         PUBLIC        P0
  D:0090H         PUBLIC        P1
  D:00A0H         PUBLIC        P2
  D:00B0H         PUBLIC        P3
  D:00C0H         PUBLIC        P4
  D:00C8H         PUBLIC        P5
  D:00A8H         PUBLIC        IE
  D:00B8H         PUBLIC        IP
  D:00D8H         PUBLIC        CCON
  C:60E1H         PUBLIC        Check_Serial_Id
  D:0098H         PUBLIC        SCON
  D:0088H         PUBLIC        TCON
  C:6268H         PUBLIC        _Checksum
  C:674DH         SYMBOL        _?ix1000
  C:6750H         SYMBOL        _?ix1001
  X:0296H         PUBLIC        localid
  D:00D0H         PUBLIC        PSW
BL51 BANKED LINKER/LOCATER V6.22.2.0                                                  09/20/2025  15:17:53  PAGE 54


  -------         PROC          CHECK_SERIAL_ID
  -------         DO            
  X:0247H         SYMBOL        sn
  X:024AH         SYMBOL        strid
  X:0259H         SYMBOL        i
  -------         ENDDO         
  C:60E1H         LINE#         588
  C:60E1H         LINE#         589
  C:60E1H         LINE#         590
  C:60F4H         LINE#         591
  C:6107H         LINE#         592
  C:610CH         LINE#         594
  C:6115H         LINE#         596
  C:6128H         LINE#         597
  C:6128H         LINE#         598
  C:614EH         LINE#         599
  C:6165H         LINE#         600
  C:616DH         LINE#         641
  -------         ENDPROC       CHECK_SERIAL_ID
  -------         PROC          _CHECKSUM
  X:024DH         SYMBOL        pbuffer
  X:0250H         SYMBOL        lenth
  -------         DO            
  D:0006H         SYMBOL        i
  X:0252H         SYMBOL        psum
  -------         ENDDO         
  C:6268H         LINE#         649
  C:6279H         LINE#         650
  C:6279H         LINE#         651
  C:627CH         LINE#         652
  C:6293H         LINE#         653
  C:62A8H         LINE#         654
  C:62A8H         LINE#         656
  C:62CBH         LINE#         659
  C:62D2H         LINE#         660
  -------         ENDPROC       _CHECKSUM
  -------         PROC          _BYTEARRAYCOMPAR
  X:0256H         SYMBOL        source
  D:0004H         SYMBOL        srclen
  X:025BH         SYMBOL        dest
  X:025EH         SYMBOL        deslen
  -------         DO            
  D:0006H         SYMBOL        slen
  X:0260H         SYMBOL        dlen
  X:0262H         SYMBOL        psrc
  X:0265H         SYMBOL        pdes
  X:0268H         SYMBOL        p
  -------         ENDDO         
  C:5795H         LINE#         670
  C:57A0H         LINE#         671
  C:57A0H         LINE#         672
  C:57A4H         LINE#         673
  C:57B1H         LINE#         675
  C:57BAH         LINE#         676
  C:57CFH         LINE#         677
  C:57E4H         LINE#         679
  C:57F4H         LINE#         680
BL51 BANKED LINKER/LOCATER V6.22.2.0                                                  09/20/2025  15:17:53  PAGE 55


  C:57F4H         LINE#         681
  C:5809H         LINE#         682
  C:581EH         LINE#         683
  C:582BH         LINE#         684
  C:5830H         LINE#         685
  C:585FH         LINE#         686
  C:585FH         LINE#         687
  C:5869H         LINE#         688
  C:5873H         LINE#         689
  C:5881H         LINE#         690
  C:5883H         LINE#         691
  C:588DH         LINE#         692
  C:588DH         LINE#         693
  C:5899H         LINE#         694
  C:5899H         LINE#         695
  C:58A3H         LINE#         696
  C:58A6H         LINE#         697
  C:58ACH         LINE#         699
  -------         ENDPROC       _BYTEARRAYCOMPAR
  -------         ENDMOD        CHECK

  -------         MODULE        GPS
  C:0000H         SYMBOL        _ICE_DUMMY_
  -------         ENDMOD        GPS

  -------         MODULE        MAIN
  C:0000H         SYMBOL        _ICE_DUMMY_
  D:0080H         PUBLIC        P0
  D:0090H         PUBLIC        P1
  D:00A0H         PUBLIC        P2
  D:00B0H         PUBLIC        P3
  D:00C0H         PUBLIC        P4
  D:00C8H         PUBLIC        P5
  D:00A8H         PUBLIC        IE
  D:00B8H         PUBLIC        IP
  D:00D8H         PUBLIC        CCON
  C:660CH         PUBLIC        main
  D:0098H         PUBLIC        SCON
  D:0088H         PUBLIC        TCON
  D:00D0H         PUBLIC        PSW
  -------         PROC          MAIN
  C:660CH         LINE#         6
  C:660CH         LINE#         7
  C:660CH         LINE#         9
  C:660FH         LINE#         11
  C:6612H         LINE#         13
  C:6615H         LINE#         15
  C:6615H         LINE#         16
  C:6615H         LINE#         21
  C:661AH         LINE#         23
  C:662CH         LINE#         25
  C:663EH         LINE#         28
  C:6645H         LINE#         34
  -------         ENDPROC       MAIN
  -------         ENDMOD        MAIN

  -------         MODULE        ?C?COPY
BL51 BANKED LINKER/LOCATER V6.22.2.0                                                  09/20/2025  15:17:53  PAGE 56


  C:3B79H         PUBLIC        ?C?COPY
  -------         ENDMOD        ?C?COPY

  -------         MODULE        ?C?CLDPTR
  C:3B9FH         PUBLIC        ?C?CLDPTR
  -------         ENDMOD        ?C?CLDPTR

  -------         MODULE        ?C?CLDOPTR
  C:3BB8H         PUBLIC        ?C?CLDOPTR
  -------         ENDMOD        ?C?CLDOPTR

  -------         MODULE        ?C?CILDPTR
  C:3BE5H         PUBLIC        ?C?CILDPTR
  -------         ENDMOD        ?C?CILDPTR

  -------         MODULE        ?C?CILDOPTR
  C:3C07H         PUBLIC        ?C?CILDOPTR
  -------         ENDMOD        ?C?CILDOPTR

  -------         MODULE        ?C?CSTPTR
  C:3C3AH         PUBLIC        ?C?CSTPTR
  -------         ENDMOD        ?C?CSTPTR

  -------         MODULE        ?C?CSTOPTR
  C:3C4CH         PUBLIC        ?C?CSTOPTR
  -------         ENDMOD        ?C?CSTOPTR

  -------         MODULE        ?C?IMUL
  C:3C6EH         PUBLIC        ?C?IMUL
  -------         ENDMOD        ?C?IMUL

  -------         MODULE        ?C?IILDX
  C:3C80H         PUBLIC        ?C?IILDX
  -------         ENDMOD        ?C?IILDX

  -------         MODULE        ?C?ILDIX
  C:3C96H         PUBLIC        ?C?ILDIX
  -------         ENDMOD        ?C?ILDIX

  -------         MODULE        ?C?ULDIV
  C:3CE8H         PUBLIC        ?C?ULDIV
  -------         ENDMOD        ?C?ULDIV

  -------         MODULE        ?C?SLCMP
  C:3D7AH         PUBLIC        ?C?SLCMP
  -------         ENDMOD        ?C?SLCMP

  -------         MODULE        ?C?ULCMP
  C:3D90H         PUBLIC        ?C?ULCMP
  -------         ENDMOD        ?C?ULCMP

  -------         MODULE        ?C?LLDCODE
  C:3DA1H         PUBLIC        ?C?LLDCODE
  -------         ENDMOD        ?C?LLDCODE

  -------         MODULE        ?C?LLDOPTR0
  C:3DB1H         PUBLIC        ?C?LLDOPTR0
BL51 BANKED LINKER/LOCATER V6.22.2.0                                                  09/20/2025  15:17:53  PAGE 57


  -------         ENDMOD        ?C?LLDOPTR0

  -------         MODULE        ?C?LSTXDATA
  C:3DE1H         PUBLIC        ?C?LSTXDATA
  -------         ENDMOD        ?C?LSTXDATA

  -------         MODULE        ?C?LSTKXDATA
  C:3DEDH         PUBLIC        ?C?LSTKXDATA
  -------         ENDMOD        ?C?LSTKXDATA

  -------         MODULE        PRINTF
  X:025AH         PUBLIC        ?_PRINTF517?BYTE
  X:025AH         PUBLIC        ?_PRINTF?BYTE
  X:025AH         PUBLIC        ?_SPRINTF517?BYTE
  X:025AH         PUBLIC        ?_SPRINTF?BYTE
  C:3F31H         PUBLIC        _PRINTF
  C:3F31H         PUBLIC        _PRINTF517
  C:3F2BH         PUBLIC        _SPRINTF
  C:3F2BH         PUBLIC        _SPRINTF517
  -------         ENDMOD        PRINTF

  -------         MODULE        STRCAT
  X:025AH         PUBLIC        ?_strcat?BYTE
  C:62D3H         PUBLIC        _strcat
  -------         ENDMOD        STRCAT

  -------         MODULE        STRLEN
  C:680FH         PUBLIC        _STRLEN
  -------         ENDMOD        STRLEN

  -------         MODULE        ?C?MEMSET
  C:3E1EH         PUBLIC        ?C?MEMSET
  -------         ENDMOD        ?C?MEMSET

  -------         MODULE        ?C?LLDIDATA0
  C:3E4AH         PUBLIC        ?C?LLDIDATA0
  -------         ENDMOD        ?C?LLDIDATA0

  -------         MODULE        ?C?LLDXDATA0
  C:3E57H         PUBLIC        ?C?LLDXDATA0
  -------         ENDMOD        ?C?LLDXDATA0

  -------         MODULE        ?C?LLDPDATA0
  C:3E63H         PUBLIC        ?C?LLDPDATA0
  -------         ENDMOD        ?C?LLDPDATA0

  -------         MODULE        ?C?LLDCODE0
  C:3E70H         PUBLIC        ?C?LLDCODE0
  -------         ENDMOD        ?C?LLDCODE0

  -------         MODULE        ?C?PLDIXDATA
  C:3E80H         PUBLIC        ?C?PLDIXDATA
  -------         ENDMOD        ?C?PLDIXDATA

  -------         MODULE        ?C?PSTXDATA
  C:3E97H         PUBLIC        ?C?PSTXDATA
  -------         ENDMOD        ?C?PSTXDATA
BL51 BANKED LINKER/LOCATER V6.22.2.0                                                  09/20/2025  15:17:53  PAGE 58



  -------         MODULE        ?C?CCASE
  C:3EA0H         PUBLIC        ?C?CCASE
  -------         ENDMOD        ?C?CCASE

Program Size: data=16.1 xdata=669 code=27159
LINK/LOCATE RUN COMPLETE.  0 WARNING(S),  0 ERROR(S)
